This is pdfTeX, Version 3.141592653-2.6-1.40.27 (MiKTeX 25.4) (preloaded format=pdflatex 2025.6.2)  6 NOV 2025 14:19
entering extended mode
 restricted \write18 enabled.
 %&-line parsing enabled.
**./wellington.tex
(wellington.tex
LaTeX2e <2024-11-01> patch level 2
L3 programming layer <2025-04-29>
(ThesisPUC.cls
Document Class: ThesisPUC 2017/11/12 v1.0.6 Thesis PUC-Rio document class
(C:\Users\calva\AppData\Local\Programs\MiKTeX\tex/latex/base\ifthen.sty
Package: ifthen 2024/03/16 v1.1e Standard LaTeX ifthen package (DPC)
)
(C:\Users\calva\AppData\Local\Programs\MiKTeX\tex/generic/genmisc\nth.sty
Package: nth 2002/02/27
)
(C:\Users\calva\AppData\Local\Programs\MiKTeX\tex/generic/babel\babel.sty
Package: babel 2025/05/14 v25.9 The multilingual framework for pdfLaTeX, LuaLaT
eX and XeLaTeX
\babel@savecnt=\count272
\U@D=\dimen146
\l@unhyphenated=\language79

(C:\Users\calva\AppData\Local\Programs\MiKTeX\tex/generic/babel\txtbabel.def)
\bbl@readstream=\read2
\bbl@dirlevel=\count273

*************************************
* Local config file bblopts.cfg used
*
(C:\Users\calva\AppData\Local\Programs\MiKTeX\tex/latex/arabi\bblopts.cfg
File: bblopts.cfg 2005/09/08 v0.1 add Arabic and Farsi to "declared" options of
 babel
)
(C:\Users\calva\AppData\Local\Programs\MiKTeX\tex/latex/babel-portuges\brazilia
n.ldf
Language: portuges 2021/07/09 v1.2t Portuguese support from the babel system

(C:\Users\calva\AppData\Local\Programs\MiKTeX\tex/generic/babel/locale/pt\babel
-brazilian.tex
Package babel Info: Importing font and identification data for brazilian
(babel)             from babel-pt-BR.ini. Reported on input line 11.
)
Package babel Info: Hyphen rules for 'brazilian' set to \l@portuguese
(babel)             (\language56). Reported on input line 111.
Package babel Info: Making " an active character on input line 143.
)
(C:\Users\calva\AppData\Local\Programs\MiKTeX\tex/latex/babel-english\american.
ldf
Language: american 2017/06/06 v3.3r English support from the babel system

(C:\Users\calva\AppData\Local\Programs\MiKTeX\tex/latex/babel-english\english.l
df
Language: english 2017/06/06 v3.3r English support from the babel system

(C:\Users\calva\AppData\Local\Programs\MiKTeX\tex/generic/babel/locale/en\babel
-american.tex
Package babel Info: Importing font and identification data for american
(babel)             from babel-en-US.ini. Reported on input line 11.
)
Package babel Info: Hyphen rules for 'canadian' set to \l@english
(babel)             (\language0). Reported on input line 102.
Package babel Info: Hyphen rules for 'australian' set to \l@ukenglish
(babel)             (\language73). Reported on input line 105.
Package babel Info: Hyphen rules for 'newzealand' set to \l@ukenglish
(babel)             (\language73). Reported on input line 108.
)))
(C:\Users\calva\AppData\Local\Programs\MiKTeX\tex/latex/base\report.cls
Document Class: report 2024/06/29 v1.4n Standard LaTeX document class
(C:\Users\calva\AppData\Local\Programs\MiKTeX\tex/latex/base\size12.clo
File: size12.clo 2024/06/29 v1.4n Standard LaTeX file (size option)
)
\c@part=\count274
\c@chapter=\count275
\c@section=\count276
\c@subsection=\count277
\c@subsubsection=\count278
\c@paragraph=\count279
\c@subparagraph=\count280
\c@figure=\count281
\c@table=\count282
\abovecaptionskip=\skip49
\belowcaptionskip=\skip50
\bibindent=\dimen147
)
(C:\Users\calva\AppData\Local\Programs\MiKTeX\tex/latex/amsfonts\amsfonts.sty
Package: amsfonts 2013/01/14 v3.01 Basic AMSFonts support
\@emptytoks=\toks17
\symAMSa=\mathgroup4
\symAMSb=\mathgroup5
LaTeX Font Info:    Redeclaring math symbol \hbar on input line 98.
LaTeX Font Info:    Overwriting math alphabet `\mathfrak' in version `bold'
(Font)                  U/euf/m/n --> U/euf/b/n on input line 106.
)
(C:\Users\calva\AppData\Local\Programs\MiKTeX\tex/latex/base\inputenc.sty
Package: inputenc 2024/02/08 v1.3d Input encoding file
\inpenc@prehook=\toks18
\inpenc@posthook=\toks19
)
(C:\Users\calva\AppData\Local\Programs\MiKTeX\tex/latex/base\fontenc.sty
Package: fontenc 2021/04/29 v2.0v Standard LaTeX package
)
(C:\Users\calva\AppData\Local\Programs\MiKTeX\tex/latex/lm\lmodern.sty
Package: lmodern 2015/05/01 v1.6.1 Latin Modern Fonts
LaTeX Font Info:    Overwriting symbol font `operators' in version `normal'
(Font)                  OT1/cmr/m/n --> OT1/lmr/m/n on input line 22.
LaTeX Font Info:    Overwriting symbol font `letters' in version `normal'
(Font)                  OML/cmm/m/it --> OML/lmm/m/it on input line 23.
LaTeX Font Info:    Overwriting symbol font `symbols' in version `normal'
(Font)                  OMS/cmsy/m/n --> OMS/lmsy/m/n on input line 24.
LaTeX Font Info:    Overwriting symbol font `largesymbols' in version `normal'
(Font)                  OMX/cmex/m/n --> OMX/lmex/m/n on input line 25.
LaTeX Font Info:    Overwriting symbol font `operators' in version `bold'
(Font)                  OT1/cmr/bx/n --> OT1/lmr/bx/n on input line 26.
LaTeX Font Info:    Overwriting symbol font `letters' in version `bold'
(Font)                  OML/cmm/b/it --> OML/lmm/b/it on input line 27.
LaTeX Font Info:    Overwriting symbol font `symbols' in version `bold'
(Font)                  OMS/cmsy/b/n --> OMS/lmsy/b/n on input line 28.
LaTeX Font Info:    Overwriting symbol font `largesymbols' in version `bold'
(Font)                  OMX/cmex/m/n --> OMX/lmex/m/n on input line 29.
LaTeX Font Info:    Overwriting math alphabet `\mathbf' in version `normal'
(Font)                  OT1/cmr/bx/n --> OT1/lmr/bx/n on input line 31.
LaTeX Font Info:    Overwriting math alphabet `\mathsf' in version `normal'
(Font)                  OT1/cmss/m/n --> OT1/lmss/m/n on input line 32.
LaTeX Font Info:    Overwriting math alphabet `\mathit' in version `normal'
(Font)                  OT1/cmr/m/it --> OT1/lmr/m/it on input line 33.
LaTeX Font Info:    Overwriting math alphabet `\mathtt' in version `normal'
(Font)                  OT1/cmtt/m/n --> OT1/lmtt/m/n on input line 34.
LaTeX Font Info:    Overwriting math alphabet `\mathbf' in version `bold'
(Font)                  OT1/cmr/bx/n --> OT1/lmr/bx/n on input line 35.
LaTeX Font Info:    Overwriting math alphabet `\mathsf' in version `bold'
(Font)                  OT1/cmss/bx/n --> OT1/lmss/bx/n on input line 36.
LaTeX Font Info:    Overwriting math alphabet `\mathit' in version `bold'
(Font)                  OT1/cmr/bx/it --> OT1/lmr/bx/it on input line 37.
LaTeX Font Info:    Overwriting math alphabet `\mathtt' in version `bold'
(Font)                  OT1/cmtt/m/n --> OT1/lmtt/m/n on input line 38.
)
(C:\Users\calva\AppData\Local\Programs\MiKTeX\tex/latex/graphics\graphicx.sty
Package: graphicx 2021/09/16 v1.2d Enhanced LaTeX Graphics (DPC,SPQR)

(C:\Users\calva\AppData\Local\Programs\MiKTeX\tex/latex/graphics\keyval.sty
Package: keyval 2022/05/29 v1.15 key=value parser (DPC)
\KV@toks@=\toks20
)
(C:\Users\calva\AppData\Local\Programs\MiKTeX\tex/latex/graphics\graphics.sty
Package: graphics 2024/08/06 v1.4g Standard LaTeX Graphics (DPC,SPQR)

(C:\Users\calva\AppData\Local\Programs\MiKTeX\tex/latex/graphics\trig.sty
Package: trig 2023/12/02 v1.11 sin cos tan (DPC)
)
(C:\Users\calva\AppData\Local\Programs\MiKTeX\tex/latex/graphics-cfg\graphics.c
fg
File: graphics.cfg 2016/06/04 v1.11 sample graphics configuration
)
Package graphics Info: Driver file: pdftex.def on input line 106.

(C:\Users\calva\AppData\Local\Programs\MiKTeX\tex/latex/graphics-def\pdftex.def
File: pdftex.def 2024/04/13 v1.2c Graphics/color driver for pdftex
))
\Gin@req@height=\dimen148
\Gin@req@width=\dimen149
)
(C:\Users\calva\AppData\Local\Programs\MiKTeX\tex/latex/subfigure\subfigure.sty
Package: subfigure 2002/07/30 v2.1.4 subfigure package
\subfigtopskip=\skip51
\subfigcapskip=\skip52
\subfigcaptopadj=\dimen150
\subfigbottomskip=\skip53
\subfigcapmargin=\dimen151
\subfiglabelskip=\skip54
\c@subfigure=\count283
\c@lofdepth=\count284
\c@subtable=\count285
\c@lotdepth=\count286
****************************************
* Local config file subfigure.cfg used *
****************************************

(C:\Users\calva\AppData\Local\Programs\MiKTeX\tex/latex/subfigure\subfigure.cfg
)
\subfig@top=\skip55
\subfig@bottom=\skip56
)
(C:\Users\calva\AppData\Local\Programs\MiKTeX\tex/latex/titlesec\titlesec.sty
Package: titlesec 2025/01/04 v2.17 Sectioning titles
\ttl@box=\box53
\beforetitleunit=\skip57
\aftertitleunit=\skip58
\ttl@plus=\dimen152
\ttl@minus=\dimen153
\ttl@toksa=\toks21
\titlewidth=\dimen154
\titlewidthlast=\dimen155
\titlewidthfirst=\dimen156
)
(C:\Users\calva\AppData\Local\Programs\MiKTeX\tex/latex/tocloft\tocloft.sty
Package: tocloft 2017/08/31 v2.3i parameterised ToC, etc., typesetting
Package tocloft Info: The document has chapter divisions on input line 51.
\cftparskip=\skip59
\cftbeforetoctitleskip=\skip60
\cftaftertoctitleskip=\skip61
\cftbeforepartskip=\skip62
\cftpartnumwidth=\skip63
\cftpartindent=\skip64
\cftbeforechapskip=\skip65
\cftchapindent=\skip66
\cftchapnumwidth=\skip67
\cftbeforesecskip=\skip68
\cftsecindent=\skip69
\cftsecnumwidth=\skip70
\cftbeforesubsecskip=\skip71
\cftsubsecindent=\skip72
\cftsubsecnumwidth=\skip73
\cftbeforesubsubsecskip=\skip74
\cftsubsubsecindent=\skip75
\cftsubsubsecnumwidth=\skip76
\cftbeforeparaskip=\skip77
\cftparaindent=\skip78
\cftparanumwidth=\skip79
\cftbeforesubparaskip=\skip80
\cftsubparaindent=\skip81
\cftsubparanumwidth=\skip82
\cftbeforeloftitleskip=\skip83
\cftafterloftitleskip=\skip84
\cftbeforefigskip=\skip85
\cftfigindent=\skip86
\cftfignumwidth=\skip87
\cftbeforelottitleskip=\skip88
\cftafterlottitleskip=\skip89
\cftbeforetabskip=\skip90
\cfttabindent=\skip91
\cfttabnumwidth=\skip92
\cftbeforesubfigskip=\skip93
\cftsubfigindent=\skip94
\cftsubfignumwidth=\skip95
\cftbeforesubtabskip=\skip96
\cftsubtabindent=\skip97
\cftsubtabnumwidth=\skip98
)
(C:\Users\calva\AppData\Local\Programs\MiKTeX\tex/latex/setspace\setspace.sty
Package: setspace 2022/12/04 v6.7b set line spacing
)
(C:\Users\calva\AppData\Local\Programs\MiKTeX\tex/latex/fancyhdr\fancyhdr.sty
Package: fancyhdr 2025/02/07 v5.2 Extensive control of page headers and footers

\f@nch@headwidth=\skip99
\f@nch@offset@elh=\skip100
\f@nch@offset@erh=\skip101
\f@nch@offset@olh=\skip102
\f@nch@offset@orh=\skip103
\f@nch@offset@elf=\skip104
\f@nch@offset@erf=\skip105
\f@nch@offset@olf=\skip106
\f@nch@offset@orf=\skip107
\f@nch@height=\skip108
\f@nch@footalignment=\skip109
\f@nch@widthL=\skip110
\f@nch@widthC=\skip111
\f@nch@widthR=\skip112
\@temptokenb=\toks22
)
(atbeginend.sty)
(C:\Users\calva\AppData\Local\Programs\MiKTeX\tex/latex/tools\indentfirst.sty
Package: indentfirst 2023/07/02 v1.03 Indent first paragraph (DPC)
)
(C:\Users\calva\AppData\Local\Programs\MiKTeX\tex/latex/lastpage\lastpage.sty
Package: lastpage 2025/01/27 v2.1e lastpage: 2.09 or 2e? (HMM)

(C:\Users\calva\AppData\Local\Programs\MiKTeX\tex/latex/lastpage\lastpage2e.sty
Package: lastpage2e 2025/01/27 v2.1e Decide which 2e lastpage version to use (H
MM)

(C:\Users\calva\AppData\Local\Programs\MiKTeX\tex/latex/lastpage\lastpagemodern
.sty
Package: lastpagemodern 2025-01-27 v2.1e Refers to last page's name (HMM; JPG)
\c@lastpagecount=\count287
) 
)) (C:\Users\calva\AppData\Local\Programs\MiKTeX\tex/latex/xstring\xstring.sty
(C:\Users\calva\AppData\Local\Programs\MiKTeX\tex/generic/xstring\xstring.tex
\xs_counta=\count288
\xs_countb=\count289
)
Package: xstring 2023/08/22 v1.86 String manipulations (CT)
) (C:\Users\calva\AppData\Local\Programs\MiKTeX\tex/latex/hyperref\hyperref.sty
Package: hyperref 2025-05-20 v7.01m Hypertext links for LaTeX

(C:\Users\calva\AppData\Local\Programs\MiKTeX\tex/generic/iftex\iftex.sty
Package: iftex 2024/12/12 v1.0g TeX engine tests
)
(C:\Users\calva\AppData\Local\Programs\MiKTeX\tex/latex/kvsetkeys\kvsetkeys.sty
Package: kvsetkeys 2022-10-05 v1.19 Key value parser (HO)
)
(C:\Users\calva\AppData\Local\Programs\MiKTeX\tex/generic/kvdefinekeys\kvdefine
keys.sty
Package: kvdefinekeys 2019-12-19 v1.6 Define keys (HO)
)
(C:\Users\calva\AppData\Local\Programs\MiKTeX\tex/generic/pdfescape\pdfescape.s
ty
Package: pdfescape 2019/12/09 v1.15 Implements pdfTeX's escape features (HO)

(C:\Users\calva\AppData\Local\Programs\MiKTeX\tex/generic/ltxcmds\ltxcmds.sty
Package: ltxcmds 2023-12-04 v1.26 LaTeX kernel commands for general use (HO)
)
(C:\Users\calva\AppData\Local\Programs\MiKTeX\tex/generic/pdftexcmds\pdftexcmds
.sty
Package: pdftexcmds 2020-06-27 v0.33 Utility functions of pdfTeX for LuaTeX (HO
)

(C:\Users\calva\AppData\Local\Programs\MiKTeX\tex/generic/infwarerr\infwarerr.s
ty
Package: infwarerr 2019/12/03 v1.5 Providing info/warning/error messages (HO)
)
Package pdftexcmds Info: \pdf@primitive is available.
Package pdftexcmds Info: \pdf@ifprimitive is available.
Package pdftexcmds Info: \pdfdraftmode found.
))
(C:\Users\calva\AppData\Local\Programs\MiKTeX\tex/latex/hycolor\hycolor.sty
Package: hycolor 2020-01-27 v1.10 Color options for hyperref/bookmark (HO)
)
(C:\Users\calva\AppData\Local\Programs\MiKTeX\tex/latex/hyperref\nameref.sty
Package: nameref 2023-11-26 v2.56 Cross-referencing by name of section

(C:\Users\calva\AppData\Local\Programs\MiKTeX\tex/latex/refcount\refcount.sty
Package: refcount 2019/12/15 v3.6 Data extraction from label references (HO)
)
(C:\Users\calva\AppData\Local\Programs\MiKTeX\tex/generic/gettitlestring\gettit
lestring.sty
Package: gettitlestring 2019/12/15 v1.6 Cleanup title references (HO)

(C:\Users\calva\AppData\Local\Programs\MiKTeX\tex/latex/kvoptions\kvoptions.sty
Package: kvoptions 2022-06-15 v3.15 Key value format for package options (HO)
))
\c@section@level=\count290
)
(C:\Users\calva\AppData\Local\Programs\MiKTeX\tex/latex/etoolbox\etoolbox.sty
Package: etoolbox 2025/02/11 v2.5l e-TeX tools for LaTeX (JAW)
\etb@tempcnta=\count291
)
(C:\Users\calva\AppData\Local\Programs\MiKTeX\tex/generic/stringenc\stringenc.s
ty
Package: stringenc 2019/11/29 v1.12 Convert strings between diff. encodings (HO
)
)
\@linkdim=\dimen157
\Hy@linkcounter=\count292
\Hy@pagecounter=\count293
 (C:\Users\calva\AppData\Local\Programs\MiKTeX\tex/latex/hyperref\pd1enc.def
File: pd1enc.def 2025-05-20 v7.01m Hyperref: PDFDocEncoding definition (HO)
Now handling font encoding PD1 ...
... no UTF-8 mapping file for font encoding PD1
) (C:\Users\calva\AppData\Local\Programs\MiKTeX\tex/generic/intcalc\intcalc.sty
Package: intcalc 2019/12/15 v1.3 Expandable calculations with integers (HO)
)
\Hy@SavedSpaceFactor=\count294
 (C:\Users\calva\AppData\Local\Programs\MiKTeX\tex/latex/hyperref\puenc.def
File: puenc.def 2025-05-20 v7.01m Hyperref: PDF Unicode definition (HO)
Now handling font encoding PU ...
... no UTF-8 mapping file for font encoding PU
)
Package hyperref Info: Option `colorlinks' set `true' on input line 4040.
Package hyperref Info: Option `bookmarksopen' set `true' on input line 4040.
Package hyperref Info: Option `breaklinks' set `true' on input line 4040.
Package hyperref Info: Option `bookmarksnumbered' set `false' on input line 404
0.
Package hyperref Info: Hyper figures OFF on input line 4157.
Package hyperref Info: Link nesting OFF on input line 4162.
Package hyperref Info: Hyper index ON on input line 4165.
Package hyperref Info: Plain pages OFF on input line 4172.
Package hyperref Info: Backreferencing OFF on input line 4177.
Package hyperref Info: Implicit mode ON; LaTeX internals redefined.
Package hyperref Info: Bookmarks ON on input line 4424.
\c@Hy@tempcnt=\count295

(C:\Users\calva\AppData\Local\Programs\MiKTeX\tex/latex/url\url.sty
\Urlmuskip=\muskip17
Package: url 2013/09/16  ver 3.4  Verb mode for urls, etc.
)
LaTeX Info: Redefining \url on input line 4763.
\XeTeXLinkMargin=\dimen158

(C:\Users\calva\AppData\Local\Programs\MiKTeX\tex/generic/bitset\bitset.sty
Package: bitset 2019/12/09 v1.3 Handle bit-vector datatype (HO)

(C:\Users\calva\AppData\Local\Programs\MiKTeX\tex/generic/bigintcalc\bigintcalc
.sty
Package: bigintcalc 2019/12/15 v1.5 Expandable calculations on big integers (HO
)
))
\Fld@menulength=\count296
\Field@Width=\dimen159
\Fld@charsize=\dimen160
Package hyperref Info: Hyper figures OFF on input line 6042.
Package hyperref Info: Link nesting OFF on input line 6047.
Package hyperref Info: Hyper index ON on input line 6050.
Package hyperref Info: backreferencing OFF on input line 6057.
Package hyperref Info: Link coloring ON on input line 6060.
Package hyperref Info: Link coloring with OCG OFF on input line 6067.
Package hyperref Info: PDF/A mode OFF on input line 6072.

(C:\Users\calva\AppData\Local\Programs\MiKTeX\tex/latex/base\atbegshi-ltx.sty
Package: atbegshi-ltx 2021/01/10 v1.0c Emulation of the original atbegshi
package with kernel methods
)
\Hy@abspage=\count297
\c@Item=\count298
\c@Hfootnote=\count299
)
Package hyperref Info: Driver: hpdftex.
(C:\Users\calva\AppData\Local\Programs\MiKTeX\tex/latex/hyperref\hpdftex.def
File: hpdftex.def 2025-05-20 v7.01m Hyperref driver for pdfTeX
\Fld@listcount=\count300
\c@bookmark@seq@number=\count301

(C:\Users\calva\AppData\Local\Programs\MiKTeX\tex/latex/rerunfilecheck\rerunfil
echeck.sty
Package: rerunfilecheck 2022-07-10 v1.10 Rerun checks for auxiliary files (HO)

(C:\Users\calva\AppData\Local\Programs\MiKTeX\tex/latex/base\atveryend-ltx.sty
Package: atveryend-ltx 2020/08/19 v1.0a Emulation of the original atveryend pac
kage
with kernel methods
)
(C:\Users\calva\AppData\Local\Programs\MiKTeX\tex/generic/uniquecounter\uniquec
ounter.sty
Package: uniquecounter 2019/12/15 v1.4 Provide unlimited unique counter (HO)
)
Package uniquecounter Info: New unique counter `rerunfilecheck' on input line 2
85.
)
\Hy@SectionHShift=\skip113
)
\puc@topmargin@text=\skip114
\puc@bottommargin@text=\skip115
\puc@leftmargin@text=\skip116
\puc@rightmargin@text=\skip117
\puc@textwidth@text=\skip118
\puc@oddsidemargin@text=\skip119
\puc@evensidemargin@text=\skip120
\puc@textheight@text=\skip121
\puc@headsep@text=\skip122
\puc@topmargin@cover=\skip123
\puc@bottommargin@cover=\skip124
\puc@leftmargin@cover=\skip125
\puc@rightmargin@cover=\skip126
\puc@textwidth@cover=\skip127
\puc@oddsidemargin@cover=\skip128
\puc@evensidemargin@cover=\skip129
\puc@textheight@cover=\skip130
\puc@headsep@cover=\skip131
\puc@topmargin@front=\skip132
\puc@bottommargin@front=\skip133
\puc@leftmargin@front=\skip134
\puc@rightmargin@front=\skip135
\puc@textwidth@front=\skip136
\puc@oddsidemargin@front=\skip137
\puc@evensidemargin@front=\skip138
\puc@textheight@front=\skip139
\puc@headsep@front=\skip140
\puc@topmargin@dedication=\skip141
\puc@bottommargin@dedication=\skip142
\puc@leftmargin@dedication=\skip143
\puc@rightmargin@dedication=\skip144
\puc@textwidth@dedication=\skip145
\puc@oddsidemargin@dedication=\skip146
\puc@evensidemargin@dedication=\skip147
\puc@textheight@dedication=\skip148
\puc@headsep@dedication=\skip149
\c@definition=\count302
)
(C:\Users\calva\AppData\Local\Programs\MiKTeX\tex/latex/tools\tabularx.sty
Package: tabularx 2023/12/11 v2.12a `tabularx' package (DPC)

(C:\Users\calva\AppData\Local\Programs\MiKTeX\tex/latex/tools\array.sty
Package: array 2024/10/17 v2.6g Tabular extension package (FMi)
\col@sep=\dimen161
\ar@mcellbox=\box54
\extrarowheight=\dimen162
\NC@list=\toks23
\extratabsurround=\skip150
\backup@length=\skip151
\ar@cellbox=\box55
)
\TX@col@width=\dimen163
\TX@old@table=\dimen164
\TX@old@col=\dimen165
\TX@target=\dimen166
\TX@delta=\dimen167
\TX@cols=\count303
\TX@ftn=\toks24
)
(C:\Users\calva\AppData\Local\Programs\MiKTeX\tex/latex/multirow\multirow.sty
Package: multirow 2024/11/12 v2.9 Span multiple rows of a table
\multirow@colwidth=\skip152
\multirow@cntb=\count304
\multirow@dima=\skip153
\bigstrutjot=\dimen168
)
(C:\Users\calva\AppData\Local\Programs\MiKTeX\tex/latex/tools\multicol.sty
Package: multicol 2024/09/14 v1.9i multicolumn formatting (FMi)
\c@tracingmulticols=\count305
\mult@box=\box56
\multicol@leftmargin=\dimen169
\c@unbalance=\count306
\c@collectmore=\count307
\doublecol@number=\count308
\multicoltolerance=\count309
\multicolpretolerance=\count310
\full@width=\dimen170
\page@free=\dimen171
\premulticols=\dimen172
\postmulticols=\dimen173
\multicolsep=\skip154
\multicolbaselineskip=\skip155
\partial@page=\box57
\last@line=\box58
\mc@boxedresult=\box59
\maxbalancingoverflow=\dimen174
\mult@rightbox=\box60
\mult@grightbox=\box61
\mult@firstbox=\box62
\mult@gfirstbox=\box63
\@tempa=\box64
\@tempa=\box65
\@tempa=\box66
\@tempa=\box67
\@tempa=\box68
\@tempa=\box69
\@tempa=\box70
\@tempa=\box71
\@tempa=\box72
\@tempa=\box73
\@tempa=\box74
\@tempa=\box75
\@tempa=\box76
\@tempa=\box77
\@tempa=\box78
\@tempa=\box79
\@tempa=\box80
\@tempa=\box81
\@tempa=\box82
\@tempa=\box83
\@tempa=\box84
\@tempa=\box85
\@tempa=\box86
\@tempa=\box87
\@tempa=\box88
\@tempa=\box89
\@tempa=\box90
\@tempa=\box91
\@tempa=\box92
\@tempa=\box93
\@tempa=\box94
\@tempa=\box95
\@tempa=\box96
\@tempa=\box97
\@tempa=\box98
\@tempa=\box99
\c@minrows=\count311
\c@columnbadness=\count312
\c@finalcolumnbadness=\count313
\last@try=\dimen175
\multicolovershoot=\dimen176
\multicolundershoot=\dimen177
\mult@nat@firstbox=\box100
\colbreak@box=\box101
\mc@col@check@num=\count314
)
(C:\Users\calva\AppData\Local\Programs\MiKTeX\tex/latex/colortbl\colortbl.sty
Package: colortbl 2024/10/29 v1.0k Color table columns (DPC)

(C:\Users\calva\AppData\Local\Programs\MiKTeX\tex/latex/graphics\color.sty
Package: color 2024/06/23 v1.3e Standard LaTeX Color (DPC)

(C:\Users\calva\AppData\Local\Programs\MiKTeX\tex/latex/graphics-cfg\color.cfg
File: color.cfg 2016/01/02 v1.6 sample color configuration
)
Package color Info: Driver file: pdftex.def on input line 149.
(C:\Users\calva\AppData\Local\Programs\MiKTeX\tex/latex/graphics\mathcolor.ltx)
)
\everycr=\toks25
\minrowclearance=\skip156
\rownum=\count315
) (C:\Users\calva\AppData\Local\Programs\MiKTeX\tex/latex/xcolor\xcolor.sty
Package: xcolor 2024/09/29 v3.02 LaTeX color extensions (UK)

(C:\Users\calva\AppData\Local\Programs\MiKTeX\tex/latex/graphics-cfg\color.cfg
File: color.cfg 2016/01/02 v1.6 sample color configuration
)

Package xcolor Warning: Package option `fixpdftex' is obsolete and ignored on i
nput line 265.

Package xcolor Info: Driver file: pdftex.def on input line 274.
LaTeX Info: Redefining \color on input line 762.
(C:\Users\calva\AppData\Local\Programs\MiKTeX\tex/latex/graphics\mathcolor.ltx)
Package xcolor Info: Model `cmy' substituted by `cmy0' on input line 1349.
Package xcolor Info: Model `hsb' substituted by `rgb' on input line 1353.
Package xcolor Info: Model `RGB' extended on input line 1365.
Package xcolor Info: Model `HTML' substituted by `rgb' on input line 1367.
Package xcolor Info: Model `Hsb' substituted by `hsb' on input line 1368.
Package xcolor Info: Model `tHsb' substituted by `hsb' on input line 1369.
Package xcolor Info: Model `HSB' substituted by `hsb' on input line 1370.
Package xcolor Info: Model `Gray' substituted by `gray' on input line 1371.
Package xcolor Info: Model `wave' substituted by `hsb' on input line 1372.
) (C:\Users\calva\AppData\Local\Programs\MiKTeX\tex/latex/graphics\dvipsnam.def
File: dvipsnam.def 2016/06/17 v3.0m Driver-dependent file (DPC,SPQR)
) (C:\Users\calva\AppData\Local\Programs\MiKTeX\tex/latex/xcolor\svgnam.def
File: svgnam.def 2024/09/29 v3.02 Predefined colors according to SVG 1.1 (UK)
)
(C:\Users\calva\AppData\Local\Programs\MiKTeX\tex/latex/xcolor\x11nam.def
File: x11nam.def 2024/09/29 v3.02 Predefined colors according to Unix/X11 (UK)
)
(C:\Users\calva\AppData\Local\Programs\MiKTeX\tex/latex/numprint\numprint.sty
Package: numprint 2012/08/20 v1.39 Print numbers (HH)
\c@nprt@mantissa@digitsbefore=\count316
\c@nprt@mantissa@digitsafter=\count317
\c@nprt@exponent@digitsbefore=\count318
\c@nprt@exponent@digitsafter=\count319
\nprt@digitwidth=\skip157
\nprt@sepwidth=\skip158
\nprt@decimalwidth=\skip159
\nprt@blockwidth=\skip160
\nprt@digittoks=\toks26
\nprt@pretoks=\toks27
\nprt@posttoks=\toks28
\nprt@thisdigit=\count320
\nprt@curpos=\count321
\nprt@rndpos=\count322
\c@nprt@digitsfirstblock=\count323
\c@nprt@blockcnt=\count324
\c@nprt@cntprint=\count325

No configuration file `numprint.cfg' found.)
(C:\Users\calva\AppData\Local\Programs\MiKTeX\tex/latex/base\textcomp.sty
Package: textcomp 2024/04/24 v2.1b Standard LaTeX package
)
(C:\Users\calva\AppData\Local\Programs\MiKTeX\tex/latex/booktabs\booktabs.sty
Package: booktabs 2020/01/12 v1.61803398 Publication quality tables
\heavyrulewidth=\dimen178
\lightrulewidth=\dimen179
\cmidrulewidth=\dimen180
\belowrulesep=\dimen181
\belowbottomsep=\dimen182
\aboverulesep=\dimen183
\abovetopsep=\dimen184
\cmidrulesep=\dimen185
\cmidrulekern=\dimen186
\defaultaddspace=\dimen187
\@cmidla=\count326
\@cmidlb=\count327
\@aboverulesep=\dimen188
\@belowrulesep=\dimen189
\@thisruleclass=\count328
\@lastruleclass=\count329
\@thisrulewidth=\dimen190
)
(C:\Users\calva\AppData\Local\Programs\MiKTeX\tex/latex/amsmath\amsmath.sty
Package: amsmath 2024/11/05 v2.17t AMS math features
\@mathmargin=\skip161

For additional information on amsmath, use the `?' option.
(C:\Users\calva\AppData\Local\Programs\MiKTeX\tex/latex/amsmath\amstext.sty
Package: amstext 2021/08/26 v2.01 AMS text

(C:\Users\calva\AppData\Local\Programs\MiKTeX\tex/latex/amsmath\amsgen.sty
File: amsgen.sty 1999/11/30 v2.0 generic functions
\@emptytoks=\toks29
\ex@=\dimen191
))
(C:\Users\calva\AppData\Local\Programs\MiKTeX\tex/latex/amsmath\amsbsy.sty
Package: amsbsy 1999/11/29 v1.2d Bold Symbols
\pmbraise@=\dimen192
)
(C:\Users\calva\AppData\Local\Programs\MiKTeX\tex/latex/amsmath\amsopn.sty
Package: amsopn 2022/04/08 v2.04 operator names
)
\inf@bad=\count330
LaTeX Info: Redefining \frac on input line 233.
\uproot@=\count331
\leftroot@=\count332
LaTeX Info: Redefining \overline on input line 398.
LaTeX Info: Redefining \colon on input line 409.
\classnum@=\count333
\DOTSCASE@=\count334
LaTeX Info: Redefining \ldots on input line 495.
LaTeX Info: Redefining \dots on input line 498.
LaTeX Info: Redefining \cdots on input line 619.
\Mathstrutbox@=\box102
\strutbox@=\box103
LaTeX Info: Redefining \big on input line 721.
LaTeX Info: Redefining \Big on input line 722.
LaTeX Info: Redefining \bigg on input line 723.
LaTeX Info: Redefining \Bigg on input line 724.
\big@size=\dimen193
LaTeX Font Info:    Redeclaring font encoding OML on input line 742.
LaTeX Font Info:    Redeclaring font encoding OMS on input line 743.
\macc@depth=\count335
LaTeX Info: Redefining \bmod on input line 904.
LaTeX Info: Redefining \pmod on input line 909.
LaTeX Info: Redefining \smash on input line 939.
LaTeX Info: Redefining \relbar on input line 969.
LaTeX Info: Redefining \Relbar on input line 970.
\c@MaxMatrixCols=\count336
\dotsspace@=\muskip18
\c@parentequation=\count337
\dspbrk@lvl=\count338
\tag@help=\toks30
\row@=\count339
\column@=\count340
\maxfields@=\count341
\andhelp@=\toks31
\eqnshift@=\dimen194
\alignsep@=\dimen195
\tagshift@=\dimen196
\tagwidth@=\dimen197
\totwidth@=\dimen198
\lineht@=\dimen199
\@envbody=\toks32
\multlinegap=\skip162
\multlinetaggap=\skip163
\mathdisplay@stack=\toks33
LaTeX Info: Redefining \[ on input line 2953.
LaTeX Info: Redefining \] on input line 2954.
)
(C:\Users\calva\AppData\Local\Programs\MiKTeX\tex/latex/enumitem\enumitem.sty
Package: enumitem 2025/02/06 v3.11 Customized lists
\labelindent=\skip164
\enit@outerparindent=\dimen256
\enit@toks=\toks34
\enit@inbox=\box104
\enit@count@id=\count342
\enitdp@description=\count343
)
(C:\Users\calva\AppData\Local\Programs\MiKTeX\tex/latex/amsfonts\amssymb.sty
Package: amssymb 2013/01/14 v3.01 AMS font symbols
)
(C:\Users\calva\AppData\Local\Programs\MiKTeX\tex/latex/float\float.sty
Package: float 2001/11/08 v1.3d Float enhancements (AL)
\c@float@type=\count344
\float@exts=\toks35
\float@box=\box105
\@float@everytoks=\toks36
\@floatcapt=\box106
)
(C:\Users\calva\AppData\Local\Programs\MiKTeX\tex/latex/algorithms\algorithm.st
y
Package: algorithm 2009/08/24 v0.1 Document Style `algorithm' - floating enviro
nment
\@float@every@algorithm=\toks37
\c@algorithm=\count345
)
(C:\Users\calva\AppData\Local\Programs\MiKTeX\tex/latex/algorithmicx\algpseudoc
ode.sty
Package: algpseudocode 

(C:\Users\calva\AppData\Local\Programs\MiKTeX\tex/latex/algorithmicx\algorithmi
cx.sty
Package: algorithmicx 2005/04/27 v1.2 Algorithmicx

Document Style algorithmicx 1.2 - a greatly improved `algorithmic' style
\c@ALG@line=\count346
\c@ALG@rem=\count347
\c@ALG@nested=\count348
\ALG@tlm=\skip165
\ALG@thistlm=\skip166
\c@ALG@Lnr=\count349
\c@ALG@blocknr=\count350
\c@ALG@storecount=\count351
\c@ALG@tmpcounter=\count352
\ALG@tmplength=\skip167
)
Document Style - pseudocode environments for use with the `algorithmicx' style
)
LaTeX Font Info:    Trying to load font information for T1+lmr on input line 14
3.
 (C:\Users\calva\AppData\Local\Programs\MiKTeX\tex/latex/lm\t1lmr.fd
File: t1lmr.fd 2015/05/01 v1.6.1 Font defs for Latin Modern
)
(C:\Users\calva\AppData\Local\Programs\MiKTeX\tex/latex/l3backend\l3backend-pdf
tex.def
File: l3backend-pdftex.def 2025-04-14 L3 backend support: PDF output (pdfTeX)
\l__color_backend_stack_int=\count353
) (wellington.aux
Package babel Info: 'brazilian' activates 'portuges' shorthands.
(babel)             Reported  on input line 10.


LaTeX Warning: Label `eq:2-42' multiply defined.

)
\openout1 = `wellington.aux'.

LaTeX Font Info:    Checking defaults for OML/cmm/m/it on input line 143.
LaTeX Font Info:    ... okay on input line 143.
LaTeX Font Info:    Checking defaults for OMS/cmsy/m/n on input line 143.
LaTeX Font Info:    ... okay on input line 143.
LaTeX Font Info:    Checking defaults for OT1/cmr/m/n on input line 143.
LaTeX Font Info:    ... okay on input line 143.
LaTeX Font Info:    Checking defaults for T1/cmr/m/n on input line 143.
LaTeX Font Info:    ... okay on input line 143.
LaTeX Font Info:    Checking defaults for TS1/cmr/m/n on input line 143.
LaTeX Font Info:    ... okay on input line 143.
LaTeX Font Info:    Checking defaults for OMX/cmex/m/n on input line 143.
LaTeX Font Info:    ... okay on input line 143.
LaTeX Font Info:    Checking defaults for U/cmr/m/n on input line 143.
LaTeX Font Info:    ... okay on input line 143.
LaTeX Font Info:    Checking defaults for PD1/pdf/m/n on input line 143.
LaTeX Font Info:    ... okay on input line 143.
LaTeX Font Info:    Checking defaults for PU/pdf/m/n on input line 143.
LaTeX Font Info:    ... okay on input line 143.

(C:\Users\calva\AppData\Local\Programs\MiKTeX\tex/context/base/mkii\supp-pdf.mk
ii
[Loading MPS to PDF converter (version 2006.09.02).]
\scratchcounter=\count354
\scratchdimen=\dimen257
\scratchbox=\box107
\nofMPsegments=\count355
\nofMParguments=\count356
\everyMPshowfont=\toks38
\MPscratchCnt=\count357
\MPscratchDim=\dimen258
\MPnumerator=\count358
\makeMPintoPDFobject=\count359
\everyMPtoPDFconversion=\toks39
)
(C:\Users\calva\AppData\Local\Programs\MiKTeX\tex/latex/epstopdf-pkg\epstopdf-b
ase.sty
Package: epstopdf-base 2020-01-24 v2.11 Base part for package epstopdf
Package epstopdf-base Info: Redefining graphics rule for `.eps' on input line 4
85.

(C:\Users\calva\AppData\Local\Programs\MiKTeX\tex/latex/00miktex\epstopdf-sys.c
fg
File: epstopdf-sys.cfg 2021/03/18 v2.0 Configuration of epstopdf for MiKTeX
))
Package hyperref Info: Link coloring ON on input line 143.
 (wellington.out) (wellington.out)
\@outlinefile=\write3
\openout3 = `wellington.out'.

LaTeX Font Info:    Trying to load font information for T1+lmss on input line 1
43.

(C:\Users\calva\AppData\Local\Programs\MiKTeX\tex/latex/lm\t1lmss.fd
File: t1lmss.fd 2015/05/01 v1.6.1 Font defs for Latin Modern
)
<puc.png, id=115, 405.14561pt x 94.24008pt>
File: puc.png Graphic file (type png)
<use puc.png>
Package pdftex.def Info: puc.png  used on input line 143.
(pdftex.def)             Requested size: 269.10934pt x 62.59596pt.
LaTeX Font Info:    Trying to load font information for OT1+lmr on input line 1
43.

(C:\Users\calva\AppData\Local\Programs\MiKTeX\tex/latex/lm\ot1lmr.fd
File: ot1lmr.fd 2015/05/01 v1.6.1 Font defs for Latin Modern
)
LaTeX Font Info:    Trying to load font information for OML+lmm on input line 1
43.

(C:\Users\calva\AppData\Local\Programs\MiKTeX\tex/latex/lm\omllmm.fd
File: omllmm.fd 2015/05/01 v1.6.1 Font defs for Latin Modern
)
LaTeX Font Info:    Trying to load font information for OMS+lmsy on input line 
143.

(C:\Users\calva\AppData\Local\Programs\MiKTeX\tex/latex/lm\omslmsy.fd
File: omslmsy.fd 2015/05/01 v1.6.1 Font defs for Latin Modern
)
LaTeX Font Info:    Trying to load font information for OMX+lmex on input line 
143.

(C:\Users\calva\AppData\Local\Programs\MiKTeX\tex/latex/lm\omxlmex.fd
File: omxlmex.fd 2015/05/01 v1.6.1 Font defs for Latin Modern
)
LaTeX Font Info:    External font `lmex10' loaded for size
(Font)              <12> on input line 143.
LaTeX Font Info:    External font `lmex10' loaded for size
(Font)              <8> on input line 143.
LaTeX Font Info:    External font `lmex10' loaded for size
(Font)              <6> on input line 143.
LaTeX Font Info:    Trying to load font information for U+msa on input line 143
.

(C:\Users\calva\AppData\Local\Programs\MiKTeX\tex/latex/amsfonts\umsa.fd
File: umsa.fd 2013/01/14 v3.01 AMS symbols A
)
LaTeX Font Info:    Trying to load font information for U+msb on input line 143
.

(C:\Users\calva\AppData\Local\Programs\MiKTeX\tex/latex/amsfonts\umsb.fd
File: umsb.fd 2013/01/14 v3.01 AMS symbols B
)
Underfull \hbox (badness 1072) in paragraph at lines 143--143
[]\T1/lmss/m/n/12 Proposta de Tese ap-re-sen-tada como req-ui-sito par-cial par
a
 []



[1


Non-PDF special ignored!
<special>  pdf: docinfo << /Author (Wellington Carlos da Rosa Nascimento) /...
{C:/Users/calva/AppData/Local/MiKTeX/fonts/map/pdftex/pdftex.map}{C:/Users/calv
a/AppData/Local/Programs/MiKTeX/fonts/enc/dvips/lm/lm-ec.enc} <./puc.png (PNG c
opy)>]

[2

] (wellington.toc)
\tf@toc=\write4
\openout4 = `wellington.toc'.



[3

{C:/Users/calva/AppData/Local/Programs/MiKTeX/fonts/enc/dvips/lm/lm-mathit.enc}
{C:/Users/calva/AppData/Local/Programs/MiKTeX/fonts/enc/dvips/lm/lm-rm.enc}]
(wellington.lof

LaTeX Warning: Citation `01' on page 4 undefined on input line 5.


LaTeX Warning: Citation `01' on page 4 undefined on input line 6.


LaTeX Warning: Citation `04' on page 4 undefined on input line 7.


LaTeX Warning: Citation `10' on page 4 undefined on input line 13.


LaTeX Warning: Citation `11' on page 4 undefined on input line 14.


LaTeX Warning: Citation `12' on page 4 undefined on input line 15.


LaTeX Warning: Citation `11' on page 4 undefined on input line 16.


LaTeX Warning: Citation `11' on page 4 undefined on input line 17.


LaTeX Warning: Citation `11' on page 4 undefined on input line 18.


LaTeX Warning: Citation `11' on page 4 undefined on input line 19.


LaTeX Warning: Citation `01' on page 4 undefined on input line 20.


LaTeX Warning: Citation `11' on page 4 undefined on input line 21.


LaTeX Warning: Citation `32' on page 4 undefined on input line 29.


LaTeX Warning: Citation `30' on page 4 undefined on input line 30.


LaTeX Warning: Citation `30' on page 4 undefined on input line 32.


LaTeX Warning: Citation `30' on page 4 undefined on input line 33.

)
\tf@lof=\write5
\openout5 = `wellington.lof'.



[4

{C:/Users/calva/AppData/Local/Programs/MiKTeX/fonts/enc/dvips/lm/lm-mathsy.enc}
]

[5] (wellington.lot)
\tf@lot=\write6
\openout6 = `wellington.lot'.



[6

] (abrevs.tex)
Underfull \hbox (badness 10000) in paragraph at lines 4--144

 []



[7


] (wellington.loa)
\tf@loa=\write7
\openout7 = `wellington.loa'.

 (chapter-1.tex

[8

]
Cap\'{\i }tulo 1.


[9

]

Package babel Info: 'brazilian' activates 'portuges' shorthands.
(babel)             Reported  on input line 14.
[10]
LaTeX Font Info:    Trying to load font information for TS1+lmr on input line 2
6.
 (C:\Users\calva\AppData\Local\Programs\MiKTeX\tex/latex/lm\ts1lmr.fd
File: ts1lmr.fd 2015/05/01 v1.6.1 Font defs for Latin Modern
)
LaTeX Font Info:    Trying to load font information for T1+lmtt on input line 3
2.

(C:\Users\calva\AppData\Local\Programs\MiKTeX\tex/latex/lm\t1lmtt.fd
File: t1lmtt.fd 2015/05/01 v1.6.1 Font defs for Latin Modern
)

[11{C:/Users/calva/AppData/Local/Programs/MiKTeX/fonts/enc/dvips/lm/lm-ts1.enc}
]
Underfull \hbox (badness 1158) in paragraph at lines 34--35
\T1/lmr/m/it/12 Real Op-ti-ons Con-fe-rence \T1/lmr/m/n/12 em Bo-logna/Italy: [
][]$\T1/lmtt/m/n/12 https : / / realoptions . org /
 []

) (chapter-2.tex

[12]
Cap\'{\i }tulo 2.


[13

]

LaTeX Warning: Citation `01' on page 14 undefined on input line 21.



[14]

[15]
Underfull \hbox (badness 10000) in paragraph at lines 61--62
[]\T1/lmr/m/n/12 Estimar as pro-ba-bi-li-da-des de ve-ros-si-mi-lhança, isto é,

 []

<images/generic_VOI.png, id=315, 324.0105pt x 248.127pt>
File: images/generic_VOI.png Graphic file (type png)
<use images/generic_VOI.png>
Package pdftex.def Info: images/generic_VOI.png  used on input line 73.
(pdftex.def)             Requested size: 380.01033pt x 219.99937pt.

LaTeX Warning: Citation `01' on page 16 undefined on input line 74.


LaTeX Warning: `h' float specifier changed to `ht'.



[16]

[17
pdfTeX warning (ext4): destination with the same identifier (name{figure.2.1}) 
has been already used, duplicate ignored
<argument> ...shipout:D \box_use:N \l_shipout_box 
                                                  \__shipout_drop_firstpage_...
l.79 
      <./images/generic_VOI.png>]
<images/tree_flipping.png, id=336, 359.54324pt x 175.25475pt>
File: images/tree_flipping.png Graphic file (type png)
<use images/tree_flipping.png>
Package pdftex.def Info: images/tree_flipping.png  used on input line 82.
(pdftex.def)             Requested size: 380.01129pt x 220.00383pt.


LaTeX Warning: Citation `01' on page 18 undefined on input line 83.



[18
pdfTeX warning (ext4): destination with the same identifier (name{figure.2.2}) 
has been already used, duplicate ignored
<argument> ...shipout:D \box_use:N \l_shipout_box 
                                                  \__shipout_drop_firstpage_...
l.103 
      {C:/Users/calva/AppData/Local/Programs/MiKTeX/fonts/enc/dvips/lm/lm-mathe
x.enc} <./images/tree_flipping.png>]

LaTeX Warning: Citation `02' on page 19 undefined on input line 108.


LaTeX Warning: Citation `03' on page 19 undefined on input line 108.


LaTeX Warning: Citation `03' on page 19 undefined on input line 121.



[19]
<images/tall_problem.png, id=354, 418.56375pt x 139.722pt>
File: images/tall_problem.png Graphic file (type png)
<use images/tall_problem.png>
Package pdftex.def Info: images/tall_problem.png  used on input line 151.
(pdftex.def)             Requested size: 359.99611pt x 130.00194pt.


LaTeX Warning: Citation `04' on page 20 undefined on input line 152.


LaTeX Warning: `h' float specifier changed to `ht'.


LaTeX Warning: Citation `04' on page 20 undefined on input line 162.



[20]

LaTeX Warning: Citation `04' on page 21 undefined on input line 180.


LaTeX Warning: Citation `15' on page 21 undefined on input line 190.


LaTeX Warning: Citation `04' on page 21 undefined on input line 197.


Underfull \hbox (badness 2671) in paragraph at lines 197--198
[]\T1/lmr/m/n/12 O va-lor do EVII é sem-pre li-mi-tado su-pe-ri-or-mente pelo E
VPI,
 []



[21
pdfTeX warning (ext4): destination with the same identifier (name{figure.2.3}) 
has been already used, duplicate ignored
<argument> ...shipout:D \box_use:N \l_shipout_box 
                                                  \__shipout_drop_firstpage_...
l.198 \begin{equation}
                       <./images/tall_problem.png>]

LaTeX Warning: Citation `04' on page 22 undefined on input line 208.


LaTeX Warning: Citation `05' on page 22 undefined on input line 208.

<images/max_RVOI_plot.png, id=377, 499.6266pt x 268.6035pt>
File: images/max_RVOI_plot.png Graphic file (type png)
<use images/max_RVOI_plot.png>
Package pdftex.def Info: images/max_RVOI_plot.png  used on input line 220.
(pdftex.def)             Requested size: 379.99461pt x 200.00534pt.

LaTeX Warning: `h' float specifier changed to `ht'.


LaTeX Warning: Citation `04' on page 22 undefined on input line 231.



[22]
<images/RVOI_plot.png, id=393, 499.6266pt x 268.6035pt>
File: images/RVOI_plot.png Graphic file (type png)
<use images/RVOI_plot.png>
Package pdftex.def Info: images/RVOI_plot.png  used on input line 245.
(pdftex.def)             Requested size: 379.99461pt x 200.00534pt.


LaTeX Warning: `h' float specifier changed to `ht'.


LaTeX Warning: Citation `06' on page 23 undefined on input line 254.


LaTeX Warning: Citation `07' on page 23 undefined on input line 254.



[23
pdfTeX warning (ext4): destination with the same identifier (name{figure.2.4}) 
has been already used, duplicate ignored
<argument> ...shipout:D \box_use:N \l_shipout_box 
                                                  \__shipout_drop_firstpage_...
l.255 
       <./images/max_RVOI_plot.png>]

LaTeX Warning: Citation `06' on page 24 undefined on input line 256.


LaTeX Warning: Citation `07' on page 24 undefined on input line 256.


LaTeX Warning: Citation `08' on page 24 undefined on input line 256.



[24
pdfTeX warning (ext4): destination with the same identifier (name{figure.2.5}) 
has been already used, duplicate ignored
<argument> ...shipout:D \box_use:N \l_shipout_box 
                                                  \__shipout_drop_firstpage_...
l.268 
       <./images/RVOI_plot.png>]
<images/VOI_eta2_plot.png, id=411, 387.6081pt x 270.5307pt>
File: images/VOI_eta2_plot.png Graphic file (type png)
<use images/VOI_eta2_plot.png>
Package pdftex.def Info: images/VOI_eta2_plot.png  used on input line 273.
(pdftex.def)             Requested size: 360.01048pt x 200.00793pt.


LaTeX Warning: Citation `06' on page 25 undefined on input line 277.


LaTeX Warning: Citation `07' on page 25 undefined on input line 277.


LaTeX Warning: Citation `15' on page 25 undefined on input line 277.


LaTeX Warning: Citation `07' on page 25 undefined on input line 277.



[25
pdfTeX warning (ext4): destination with the same identifier (name{figure.2.6}) 
has been already used, duplicate ignored
<argument> ...shipout:D \box_use:N \l_shipout_box 
                                                  \__shipout_drop_firstpage_...
l.290 
       <./images/VOI_eta2_plot.png>]

[26]
<images/eta2_empirical.png, id=438, 495.23018pt x 351.05153pt>
File: images/eta2_empirical.png Graphic file (type png)
<use images/eta2_empirical.png>
Package pdftex.def Info: images/eta2_empirical.png  used on input line 404.
(pdftex.def)             Requested size: 298.75394pt x 211.77884pt.


[27]
<images/variance_decomposition.png, id=449, 570.39098pt x 351.2322pt>
File: images/variance_decomposition.png Graphic file (type png)
<use images/variance_decomposition.png>
Package pdftex.def Info: images/variance_decomposition.png  used on input line 
415.
(pdftex.def)             Requested size: 318.67209pt x 196.23314pt.


[28
pdfTeX warning (ext4): destination with the same identifier (name{figure.2.7}) 
has been already used, duplicate ignored
<argument> ...shipout:D \box_use:N \l_shipout_box 
                                                  \__shipout_drop_firstpage_...
l.421   \item A
                curva azul representa a variÃ¢ncia residual, proporcional a ...

pdfTeX warning (ext4): destination with the same identifier (name{figure.2.8}) 
has been already used, duplicate ignored
<argument> ...shipout:D \box_use:N \l_shipout_box 
                                                  \__shipout_drop_firstpage_...
l.421   \item A
                curva azul representa a variÃ¢ncia residual, proporcional a ...
 <./images/eta2_empirical.png> <./images/variance_decomposition.png>]
Underfull \hbox (badness 1694) in paragraph at lines 422--423
[]\T1/lmr/m/n/12 A li-nha ver-me-lha tra-ce-jada in-dica a va-ri-ân-cia to-tal 
nor-ma-li-zada
 []



[29]

LaTeX Warning: Citation `09' on page 30 undefined on input line 443.


LaTeX Warning: Citation `09' on page 30 undefined on input line 450.


LaTeX Warning: Citation `09' on page 30 undefined on input line 459.



[30]
Overfull \hbox (15.543pt too wide) detected at line 476
[][][][][]
 []

<images/seq_tree.png, id=473, 465.99094pt x 319.94531pt>
File: images/seq_tree.png Graphic file (type png)
<use images/seq_tree.png>
Package pdftex.def Info: images/seq_tree.png  used on input line 496.
(pdftex.def)             Requested size: 350.0114pt x 240.00232pt.

LaTeX Warning: Citation `10' on page 31 undefined on input line 497.


LaTeX Warning: Citation `10' on page 31 undefined on input line 497.


LaTeX Warning: `h' float specifier changed to `ht'.



[31]

[32
pdfTeX warning (ext4): destination with the same identifier (name{figure.2.9}) 
has been already used, duplicate ignored
<argument> ...shipout:D \box_use:N \l_shipout_box 
                                                  \__shipout_drop_firstpage_...
l.532     \item[\textbullet]
                             Reduzir riscos de sobrecapitalizaÃ§Ã£o, evitand...
 <./images/seq_tree.png>]

LaTeX Warning: Citation `01' on page 33 undefined on input line 539.


LaTeX Warning: Citation `03' on page 33 undefined on input line 539.



[33]

LaTeX Warning: Citation `11' on page 34 undefined on input line 543.

<images/SDM_schematic1.png, id=495, 672.26157pt x 129.48375pt>
File: images/SDM_schematic1.png Graphic file (type png)
<use images/SDM_schematic1.png>
Package pdftex.def Info: images/SDM_schematic1.png  used on input line 546.
(pdftex.def)             Requested size: 349.9986pt x 80.00247pt.

LaTeX Warning: Citation `11' on page 34 undefined on input line 547.

<images/SDM_schematic2.png, id=497, 900.36375pt x 135.50626pt>
File: images/SDM_schematic2.png Graphic file (type png)
<use images/SDM_schematic2.png>
Package pdftex.def Info: images/SDM_schematic2.png  used on input line 556.
(pdftex.def)             Requested size: 370.00331pt x 59.99924pt.

LaTeX Warning: Citation `12' on page 34 undefined on input line 557.


LaTeX Warning: `h' float specifier changed to `ht'.


LaTeX Warning: Citation `13' on page 34 undefined on input line 562.


LaTeX Warning: Citation `12' on page 34 undefined on input line 562.



[34
pdfTeX warning (ext4): destination with the same identifier (name{figure.2.10})
 has been already used, duplicate ignored
<argument> ...shipout:D \box_use:N \l_shipout_box 
                                                  \__shipout_drop_firstpage_...
l.563 \begin{equation}
                       <./images/SDM_schematic1.png>]
<images/SDM_two_stages.png, id=504, 337.26pt x 583.42969pt>
File: images/SDM_two_stages.png Graphic file (type png)
<use images/SDM_two_stages.png>
Package pdftex.def Info: images/SDM_two_stages.png  used on input line 572.
(pdftex.def)             Requested size: 280.00291pt x 430.01303pt.


LaTeX Warning: Citation `11' on page 35 undefined on input line 573.



[35
pdfTeX warning (ext4): destination with the same identifier (name{figure.2.11})
 has been already used, duplicate ignored
<argument> ...shipout:D \box_use:N \l_shipout_box 
                                                  \__shipout_drop_firstpage_...
l.577 
       <./images/SDM_schematic2.png>]
<images/SDM_exemple.png, id=514, 520.19344pt x 402.00188pt>
File: images/SDM_exemple.png Graphic file (type png)
<use images/SDM_exemple.png>
Package pdftex.def Info: images/SDM_exemple.png  used on input line 583.
(pdftex.def)             Requested size: 309.99915pt x 299.99782pt.


LaTeX Warning: Citation `11' on page 36 undefined on input line 584.


LaTeX Warning: `h' float specifier changed to `ht'.

<images/generic_decision_node.png, id=518, 456.20438pt x 152.06813pt>
File: images/generic_decision_node.png Graphic file (type png)
<use images/generic_decision_node.png>
Package pdftex.def Info: images/generic_decision_node.png  used on input line 5
92.
(pdftex.def)             Requested size: 310.00603pt x 110.00175pt.

LaTeX Warning: Citation `11' on page 36 undefined on input line 593.



[36
pdfTeX warning (ext4): destination with the same identifier (name{figure.2.12})
 has been already used, duplicate ignored
<argument> ...shipout:D \box_use:N \l_shipout_box 
                                                  \__shipout_drop_firstpage_...
l.596 \end{figure}
                   <./images/SDM_two_stages.png>]

[37
pdfTeX warning (ext4): destination with the same identifier (name{figure.2.13})
 has been already used, duplicate ignored
<argument> ...shipout:D \box_use:N \l_shipout_box 
                                                  \__shipout_drop_firstpage_...
l.599 
      
pdfTeX warning (ext4): destination with the same identifier (name{figure.2.14})
 has been already used, duplicate ignored
<argument> ...shipout:D \box_use:N \l_shipout_box 
                                                  \__shipout_drop_firstpage_...
l.599 
       <./images/SDM_exemple.png> <./images/generic_decision_node.png>]

LaTeX Warning: Citation `14' on page 38 undefined on input line 600.

<images/optimal_policy.png, id=533, 578.16pt x 574.39594pt>
File: images/optimal_policy.png Graphic file (type png)
<use images/optimal_policy.png>
Package pdftex.def Info: images/optimal_policy.png  used on input line 603.
(pdftex.def)             Requested size: 399.99829pt x 400.00597pt.

Overfull \hbox (1.6597pt too wide) in paragraph at lines 603--604
 [] 
 []


LaTeX Warning: Citation `11' on page 38 undefined on input line 604.



[38]

[39
pdfTeX warning (ext4): destination with the same identifier (name{figure.2.15})
 has been already used, duplicate ignored
<argument> ...shipout:D \box_use:N \l_shipout_box 
                                                  \__shipout_drop_firstpage_...
l.617 
       <./images/optimal_policy.png>]

LaTeX Warning: Citation `16' on page 40 undefined on input line 618.

<images/decisao_now_defer.png, id=545, 417.35925pt x 95.1555pt>
File: images/decisao_now_defer.png Graphic file (type png)
<use images/decisao_now_defer.png>
Package pdftex.def Info: images/decisao_now_defer.png  used on input line 631.
(pdftex.def)             Requested size: 350.00621pt x 80.00555pt.

LaTeX Warning: Citation `01' on page 40 undefined on input line 632.


LaTeX Warning: Citation `16' on page 40 undefined on input line 637.


LaTeX Warning: Citation `16' on page 40 undefined on input line 637.



[40
pdfTeX warning (ext4): destination with the same identifier (name{figure.2.16})
 has been already used, duplicate ignored
<argument> ...shipout:D \box_use:N \l_shipout_box 
                                                  \__shipout_drop_firstpage_...
l.638 
       <./images/decisao_now_defer.png>]

LaTeX Warning: Citation `16' on page 41 undefined on input line 641.

<images/valor_flexibilidade.png, id=555, 701.62125pt x 591.71063pt>
File: images/valor_flexibilidade.png Graphic file (type png)
<use images/valor_flexibilidade.png>
Package pdftex.def Info: images/valor_flexibilidade.png  used on input line 647
.
(pdftex.def)             Requested size: 400.0139pt x 380.0117pt.

Overfull \hbox (1.67531pt too wide) in paragraph at lines 647--648
 [] 
 []


LaTeX Warning: Citation `11' on page 41 undefined on input line 648.


LaTeX Warning: Citation `11' on page 41 undefined on input line 648.



[41]

[42
pdfTeX warning (ext4): destination with the same identifier (name{figure.2.17})
 has been already used, duplicate ignored
<argument> ...shipout:D \box_use:N \l_shipout_box 
                                                  \__shipout_drop_firstpage_...
l.656 
       <./images/valor_flexibilidade.png>]

LaTeX Warning: Citation `16' on page 43 undefined on input line 657.


LaTeX Warning: Citation `16' on page 43 undefined on input line 657.



[43]

LaTeX Warning: Citation `17' on page 44 undefined on input line 667.


LaTeX Warning: Citation `18' on page 44 undefined on input line 667.

<images/3D_egg_model.png, id=571, 551.05875pt x 340.8735pt>
File: images/3D_egg_model.png Graphic file (type png)
<use images/3D_egg_model.png>
Package pdftex.def Info: images/3D_egg_model.png  used on input line 670.
(pdftex.def)             Requested size: 400.01607pt x 243.00491pt.

Overfull \hbox (1.67747pt too wide) in paragraph at lines 670--671
 [] 
 []



[44] (tables/table_2.1.tex

[45
pdfTeX warning (ext4): destination with the same identifier (name{figure.2.18})
 has been already used, duplicate ignored
<argument> ...shipout:D \box_use:N \l_shipout_box 
                                                  \__shipout_drop_firstpage_...
l.25 
      <./images/3D_egg_model.png>])
<images/25_realizations.png, id=583, 518.53725pt x 564.30824pt>
File: images/25_realizations.png Graphic file (type png)
<use images/25_realizations.png>
Package pdftex.def Info: images/25_realizations.png  used on input line 682.
(pdftex.def)             Requested size: 359.9986pt x 350.01387pt.


[46
pdfTeX warning (ext4): destination with the same identifier (name{table.2.1}) h
as been already used, duplicate ignored
<argument> ...shipout:D \box_use:N \l_shipout_box 
                                                  \__shipout_drop_firstpage_...
l.687 D
       etalhes das propriedades de geologia, fluido e operacional para o mod...
]

LaTeX Warning: Citation `18' on page 47 undefined on input line 687.

(tables/table_2.2.tex

[47
pdfTeX warning (ext4): destination with the same identifier (name{figure.2.19})
 has been already used, duplicate ignored
<argument> ...shipout:D \box_use:N \l_shipout_box 
                                                  \__shipout_drop_firstpage_...
l.30 
      <./images/25_realizations.png>])
<images/producao_pocos_egg.png, id=595, 444.4605pt x 304.7385pt>
File: images/producao_pocos_egg.png Graphic file (type png)
<use images/producao_pocos_egg.png>
Package pdftex.def Info: images/producao_pocos_egg.png  used on input line 693.

(pdftex.def)             Requested size: 350.0145pt x 300.01807pt.


[48
pdfTeX warning (ext4): destination with the same identifier (name{table.2.2}) h
as been already used, duplicate ignored
<argument> ...shipout:D \box_use:N \l_shipout_box 
                                                  \__shipout_drop_firstpage_...
l.698 
      ]

[49
pdfTeX warning (ext4): destination with the same identifier (name{figure.2.20})
 has been already used, duplicate ignored
<argument> ...shipout:D \box_use:N \l_shipout_box 
                                                  \__shipout_drop_firstpage_...
l.706 
       <./images/producao_pocos_egg.png>]

[50]

LaTeX Warning: Citation `19' on page 51 undefined on input line 723.

<images/gbm_costs.png, id=614, 616.55344pt x 329.73187pt>
File: images/gbm_costs.png Graphic file (type png)
<use images/gbm_costs.png>
Package pdftex.def Info: images/gbm_costs.png  used on input line 726.
(pdftex.def)             Requested size: 338.59023pt x 181.08139pt.

LaTeX Warning: Citation `20' on page 51 undefined on input line 733.


LaTeX Warning: Citation `20' on page 51 undefined on input line 735.



[51
pdfTeX warning (ext4): destination with the same identifier (name{figure.2.21})
 has been already used, duplicate ignored
<argument> ...shipout:D \box_use:N \l_shipout_box 
                                                  \__shipout_drop_firstpage_...
l.736 
       <./images/gbm_costs.png>]

LaTeX Warning: Citation `21' on page 52 undefined on input line 768.


LaTeX Warning: Citation `22' on page 52 undefined on input line 768.


LaTeX Warning: Citation `23' on page 52 undefined on input line 780.



[52]

LaTeX Warning: Citation `24' on page 53 undefined on input line 789.

<images/SS_model_calibration.png, id=636, 624.83438pt x 350.05782pt>
File: images/SS_model_calibration.png Graphic file (type png)
<use images/SS_model_calibration.png>
Package pdftex.def Info: images/SS_model_calibration.png  used on input line 79
5.
(pdftex.def)             Requested size: 378.42044pt x 212.01263pt.


[53] (tables/table_2.3.tex)

LaTeX Warning: Citation `20' on page 54 undefined on input line 802.


Overfull \hbox (26.34424pt too wide) detected at line 813
[][][]\OMS/lmsy/m/n/12 A\OT1/lmr/m/n/12 (\OML/lmm/m/it/12 T\OT1/lmr/m/n/12 ) = 
(\OML/lmm/m/it/12 ^^V[] \OMS/lmsy/m/n/12 ^^@ \OML/lmm/m/it/12 ^^U[]\OT1/lmr/m/n
/12 )\OML/lmm/m/it/12 T \OMS/lmsy/m/n/12 ^^@ \OT1/lmr/m/n/12 (1 \OMS/lmsy/m/n/1
2 ^^@ \OML/lmm/m/it/12 e[]\OT1/lmr/m/n/12 )[] + [] [] \OML/lmm/m/it/12 :
 []

<images/two_factor_oil_simulations.png, id=644, 610.53094pt x 319.94531pt>
File: images/two_factor_oil_simulations.png Graphic file (type png)
<use images/two_factor_oil_simulations.png>
Package pdftex.def Info: images/two_factor_oil_simulations.png  used on input l
ine 818.
(pdftex.def)             Requested size: 338.59023pt x 177.44481pt.


[54
pdfTeX warning (ext4): destination with the same identifier (name{figure.2.22})
 has been already used, duplicate ignored
<argument> ...shipout:D \box_use:N \l_shipout_box 
                                                  \__shipout_drop_firstpage_...
l.822 D
       e acordo com \cite{22}, o modelo de dois fatores de Schwartzâ€“Smith ...

pdfTeX warning (ext4): destination with the same identifier (name{table.2.3}) h
as been already used, duplicate ignored
<argument> ...shipout:D \box_use:N \l_shipout_box 
                                                  \__shipout_drop_firstpage_...
l.822 D
       e acordo com \cite{22}, o modelo de dois fatores de Schwartzâ€“Smith ...
 <./images/SS_model_calibration.png>]

LaTeX Warning: Citation `22' on page 55 undefined on input line 822.


LaTeX Warning: Citation `25' on page 55 undefined on input line 833.



[55
pdfTeX warning (ext4): destination with the same identifier (name{figure.2.23})
 has been already used, duplicate ignored
<argument> ...shipout:D \box_use:N \l_shipout_box 
                                                  \__shipout_drop_firstpage_...
l.834 
       <./images/two_factor_oil_simulations.png>]

LaTeX Warning: Citation `25' on page 56 undefined on input line 835.


LaTeX Warning: Citation `21' on page 56 undefined on input line 835.


LaTeX Warning: Citation `26' on page 56 undefined on input line 835.


LaTeX Warning: Citation `25' on page 56 undefined on input line 837.


LaTeX Warning: Citation `26' on page 56 undefined on input line 837.



[56]
Underfull \hbox (badness 1303) in paragraph at lines 854--855
[]\T1/lmr/m/n/12 Com es-ses po-li-nô-mios como base, a fun-ção va-lor de con-ti
-nu-a-ção
 []


LaTeX Warning: Citation `25' on page 57 undefined on input line 858.


LaTeX Warning: Citation `26' on page 57 undefined on input line 860.


LaTeX Warning: Citation `27' on page 57 undefined on input line 873.


LaTeX Warning: Citation `19' on page 57 undefined on input line 873.


LaTeX Warning: Citation `28' on page 57 undefined on input line 873.


LaTeX Warning: Citation `29' on page 57 undefined on input line 873.



[57]

LaTeX Warning: Citation `26' on page 58 undefined on input line 875.

) (chapter-3.tex

[58]
Cap\'{\i }tulo 3.

LaTeX Warning: Citation `34' on page 59 undefined on input line 11.



[59

]

LaTeX Warning: Citation `35' on page 60 undefined on input line 13.


LaTeX Warning: Citation `30' on page 60 undefined on input line 20.


LaTeX Warning: Citation `31' on page 60 undefined on input line 24.


LaTeX Warning: Citation `32' on page 60 undefined on input line 24.

<images/neuronio_bio.png, id=686, 398.23781pt x 197.23688pt>
File: images/neuronio_bio.png Graphic file (type png)
<use images/neuronio_bio.png>
Package pdftex.def Info: images/neuronio_bio.png  used on input line 27.
(pdftex.def)             Requested size: 298.75394pt x 147.9694pt.

LaTeX Warning: Citation `32' on page 60 undefined on input line 28.



[60]

LaTeX Warning: Citation `33' on page 61 undefined on input line 32.

<images/neuronio_art.png, id=692, 469.00218pt x 269.50688pt>
File: images/neuronio_art.png Graphic file (type png)
<use images/neuronio_art.png>
Package pdftex.def Info: images/neuronio_art.png  used on input line 35.
(pdftex.def)             Requested size: 378.42044pt x 217.45222pt.

LaTeX Warning: Citation `30' on page 61 undefined on input line 36.



[61
pdfTeX warning (ext4): destination with the same identifier (name{figure.3.1}) 
has been already used, duplicate ignored
<argument> ...shipout:D \box_use:N \l_shipout_box 
                                                  \__shipout_drop_firstpage_...
l.39 
      <./images/neuronio_bio.png>]

LaTeX Warning: Citation `30' on page 62 undefined on input line 46.



[62
pdfTeX warning (ext4): destination with the same identifier (name{figure.3.2}) 
has been already used, duplicate ignored
<argument> ...shipout:D \box_use:N \l_shipout_box 
                                                  \__shipout_drop_firstpage_...
l.60     \item \textbf
                      {FunÃ§Ã£o Sigmoide:} <./images/neuronio_art.png>]
<images/funcoes_ativacao.png, id=709, 715.473pt x 569.30693pt>
File: images/funcoes_ativacao.png Graphic file (type png)
<use images/funcoes_ativacao.png>
Package pdftex.def Info: images/funcoes_ativacao.png  used on input line 82.
(pdftex.def)             Requested size: 378.42044pt x 301.10577pt.


[63]
<images/MLP.png, id=718, 736.25063pt x 361.35pt>
File: images/MLP.png Graphic file (type png)
<use images/MLP.png>
Package pdftex.def Info: images/MLP.png  used on input line 91.
(pdftex.def)             Requested size: 378.42044pt x 185.73067pt.


LaTeX Warning: Citation `30' on page 64 undefined on input line 92.



[64
pdfTeX warning (ext4): destination with the same identifier (name{figure.3.3}) 
has been already used, duplicate ignored
<argument> ...shipout:D \box