This is pdfTeX, Version 3.141592653-2.6-1.40.27 (MiKTeX 25.4) (preloaded format=pdflatex 2025.6.2)  7 AUG 2025 12:03
entering extended mode
 restricted \write18 enabled.
 %&-line parsing enabled.
**./sn-article.tex
(sn-article.tex
LaTeX2e <2024-11-01> patch level 2
L3 programming layer <2025-04-29>
(sn-jnl.cls
Document Class: sn-jnl 2019/11/18 v0.1: An authoring template for Springer Jour
nal articles
(C:\Users\calva\AppData\Local\Programs\MiKTeX\tex/latex/base\article.cls
Document Class: article 2024/06/29 v1.4n Standard LaTeX document class
(C:\Users\calva\AppData\Local\Programs\MiKTeX\tex/latex/base\fleqn.clo
File: fleqn.clo 2016/12/29 v1.2b Standard LaTeX option (flush left equations)
\mathindent=\skip49
Applying: [2015/01/01] Make \[ robust on input line 50.
LaTeX Info: Redefining \[ on input line 51.
Already applied: [0000/00/00] Make \[ robust on input line 62.
Applying: [2015/01/01] Make \] robust on input line 74.
LaTeX Info: Redefining \] on input line 75.
Already applied: [0000/00/00] Make \] robust on input line 83.
)
(C:\Users\calva\AppData\Local\Programs\MiKTeX\tex/latex/base\size10.clo
File: size10.clo 2024/06/29 v1.4n Standard LaTeX file (size option)
)
\c@part=\count272
\c@section=\count273
\c@subsection=\count274
\c@subsubsection=\count275
\c@paragraph=\count276
\c@subparagraph=\count277
\c@figure=\count278
\c@table=\count279
\abovecaptionskip=\skip50
\belowcaptionskip=\skip51
\bibindent=\dimen146
)
LaTeX Info: Redefining \rm on input line 146.
LaTeX Info: Redefining \sf on input line 147.
LaTeX Info: Redefining \tt on input line 148.
LaTeX Info: Redefining \bf on input line 149.
LaTeX Info: Redefining \it on input line 150.
LaTeX Info: Redefining \sl on input line 151.
LaTeX Info: Redefining \sc on input line 152.
LaTeX Info: Redefining \cal on input line 153.
LaTeX Info: Redefining \mit on input line 154.
LaTeX Info: Redefining \textsubscript on input line 212.
\columnhsize=\skip52

(C:\Users\calva\AppData\Local\Programs\MiKTeX\tex/latex/geometry\geometry.sty
Package: geometry 2020/01/02 v5.9 Page Geometry

(C:\Users\calva\AppData\Local\Programs\MiKTeX\tex/latex/graphics\keyval.sty
Package: keyval 2022/05/29 v1.15 key=value parser (DPC)
\KV@toks@=\toks17
)
(C:\Users\calva\AppData\Local\Programs\MiKTeX\tex/generic/iftex\ifvtex.sty
Package: ifvtex 2019/10/25 v1.7 ifvtex legacy package. Use iftex instead.

(C:\Users\calva\AppData\Local\Programs\MiKTeX\tex/generic/iftex\iftex.sty
Package: iftex 2024/12/12 v1.0g TeX engine tests
))
\Gm@cnth=\count280
\Gm@cntv=\count281
\c@Gm@tempcnt=\count282
\Gm@bindingoffset=\dimen147
\Gm@wd@mp=\dimen148
\Gm@odd@mp=\dimen149
\Gm@even@mp=\dimen150
\Gm@layoutwidth=\dimen151
\Gm@layoutheight=\dimen152
\Gm@layouthoffset=\dimen153
\Gm@layoutvoffset=\dimen154
\Gm@dimlist=\toks18

(C:\Users\calva\AppData\Local\Programs\MiKTeX\tex/latex/geometry\geometry.cfg))
\artcatbox=\box53
\aucount=\count283
\corraucount=\count284
\punctcount=\count285
\emailcnt=\count286
\c@affn=\count287
\addcount=\count288
\PacsCount=\count289
\PacsTmpCnt=\count290
\FMremarkdim=\dimen155
\fmremarkbox=\box54
(C:\Users\calva\AppData\Local\Programs\MiKTeX\tex/latex/sttools\cuted.sty
Package: cuted 2021/10/04 v2.0 Mixing onecolumn and twocolumn modes
\At@ViperColsBreak=\toks19
\preCutedStrip=\toks20
\postCutedStrip=\toks21
\cuted@@tempbox@a=\box55
\cuted@@tempbox@c=\box56
\cuted@@tempbox@var=\box57
\hold@viper=\box58
\@viper=\box59
\cuted@@varbox@a=\box60
\cuted@@varbox@c=\box61
\cuted@@tempdim@spread=\dimen156
\cuted@@tempdim@a=\dimen157
\cuted@@tempdim@b=\dimen158
\ht@hold@viper=\dimen159
\ht@viper=\dimen160
\var@@pagediscards@ht=\dimen161
\stripsep=\skip53
\viper@penalty=\count291
)
\firstpagehtcheck=\dimen162
\labelwidthi=\dimen163
\labelwidthii=\dimen164
\labelwidthiii=\dimen165
\labelwidthiv=\dimen166
\figwidth=\dimen167
\figheight=\dimen168
\sidecapwidth=\dimen169
\wrapcapline=\dimen170
\totalwrapline=\dimen171
\wraptotline=\dimen172
\figurebox=\box62
\wrapfigcapbox=\box63
\figcapbox=\box64
\capbox=\box65
\headwidthskip=\skip54
\tabcapbox=\box66
\temptbox=\box67
\tempdime=\dimen173
\tabhtdime=\dimen174

(C:\Users\calva\AppData\Local\Programs\MiKTeX\tex/latex/graphics\rotating.sty
Package: rotating 2016/08/11 v2.16d rotated objects in LaTeX

(C:\Users\calva\AppData\Local\Programs\MiKTeX\tex/latex/graphics\graphicx.sty
Package: graphicx 2021/09/16 v1.2d Enhanced LaTeX Graphics (DPC,SPQR)

(C:\Users\calva\AppData\Local\Programs\MiKTeX\tex/latex/graphics\graphics.sty
Package: graphics 2024/08/06 v1.4g Standard LaTeX Graphics (DPC,SPQR)

(C:\Users\calva\AppData\Local\Programs\MiKTeX\tex/latex/graphics\trig.sty
Package: trig 2023/12/02 v1.11 sin cos tan (DPC)
)
(C:\Users\calva\AppData\Local\Programs\MiKTeX\tex/latex/graphics-cfg\graphics.c
fg
File: graphics.cfg 2016/06/04 v1.11 sample graphics configuration
)
Package graphics Info: Driver file: pdftex.def on input line 106.

(C:\Users\calva\AppData\Local\Programs\MiKTeX\tex/latex/graphics-def\pdftex.def
File: pdftex.def 2024/04/13 v1.2c Graphics/color driver for pdftex
))
\Gin@req@height=\dimen175
\Gin@req@width=\dimen176
) (C:\Users\calva\AppData\Local\Programs\MiKTeX\tex/latex/base\ifthen.sty
Package: ifthen 2024/03/16 v1.1e Standard LaTeX ifthen package (DPC)
)
\c@r@tfl@t=\count292
\rotFPtop=\skip55
\rotFPbot=\skip56
\rot@float@box=\box68
\rot@mess@toks=\toks22
)
(C:\Users\calva\AppData\Local\Programs\MiKTeX\tex/latex/threeparttable\threepar
ttable.sty
Package: threeparttable 2003/06/13  v 3.0
\@tempboxb=\box69
)
(C:\Users\calva\AppData\Local\Programs\MiKTeX\tex/latex/appendix\appendix.sty
Package: appendix 2020/02/08 v1.2c extra appendix facilities
\c@@pps=\count293
\c@@ppsavesec=\count294
\c@@ppsaveapp=\count295
)
(C:\Users\calva\AppData\Local\Programs\MiKTeX\tex/latex/hyperref\hyperref.sty
Package: hyperref 2025-05-20 v7.01m Hypertext links for LaTeX

(C:\Users\calva\AppData\Local\Programs\MiKTeX\tex/latex/kvsetkeys\kvsetkeys.sty
Package: kvsetkeys 2022-10-05 v1.19 Key value parser (HO)
)
(C:\Users\calva\AppData\Local\Programs\MiKTeX\tex/generic/kvdefinekeys\kvdefine
keys.sty
Package: kvdefinekeys 2019-12-19 v1.6 Define keys (HO)
)
(C:\Users\calva\AppData\Local\Programs\MiKTeX\tex/generic/pdfescape\pdfescape.s
ty
Package: pdfescape 2019/12/09 v1.15 Implements pdfTeX's escape features (HO)

(C:\Users\calva\AppData\Local\Programs\MiKTeX\tex/generic/ltxcmds\ltxcmds.sty
Package: ltxcmds 2023-12-04 v1.26 LaTeX kernel commands for general use (HO)
)
(C:\Users\calva\AppData\Local\Programs\MiKTeX\tex/generic/pdftexcmds\pdftexcmds
.sty
Package: pdftexcmds 2020-06-27 v0.33 Utility functions of pdfTeX for LuaTeX (HO
)

(C:\Users\calva\AppData\Local\Programs\MiKTeX\tex/generic/infwarerr\infwarerr.s
ty
Package: infwarerr 2019/12/03 v1.5 Providing info/warning/error messages (HO)
)
Package pdftexcmds Info: \pdf@primitive is available.
Package pdftexcmds Info: \pdf@ifprimitive is available.
Package pdftexcmds Info: \pdfdraftmode found.
))
(C:\Users\calva\AppData\Local\Programs\MiKTeX\tex/latex/hycolor\hycolor.sty
Package: hycolor 2020-01-27 v1.10 Color options for hyperref/bookmark (HO)
)
(C:\Users\calva\AppData\Local\Programs\MiKTeX\tex/latex/hyperref\nameref.sty
Package: nameref 2023-11-26 v2.56 Cross-referencing by name of section

(C:\Users\calva\AppData\Local\Programs\MiKTeX\tex/latex/refcount\refcount.sty
Package: refcount 2019/12/15 v3.6 Data extraction from label references (HO)
)
(C:\Users\calva\AppData\Local\Programs\MiKTeX\tex/generic/gettitlestring\gettit
lestring.sty
Package: gettitlestring 2019/12/15 v1.6 Cleanup title references (HO)

(C:\Users\calva\AppData\Local\Programs\MiKTeX\tex/latex/kvoptions\kvoptions.sty
Package: kvoptions 2022-06-15 v3.15 Key value format for package options (HO)
))
\c@section@level=\count296
)
(C:\Users\calva\AppData\Local\Programs\MiKTeX\tex/latex/etoolbox\etoolbox.sty
Package: etoolbox 2025/02/11 v2.5l e-TeX tools for LaTeX (JAW)
\etb@tempcnta=\count297
)
(C:\Users\calva\AppData\Local\Programs\MiKTeX\tex/generic/stringenc\stringenc.s
ty
Package: stringenc 2019/11/29 v1.12 Convert strings between diff. encodings (HO
)
)
\@linkdim=\dimen177
\Hy@linkcounter=\count298
\Hy@pagecounter=\count299
 (C:\Users\calva\AppData\Local\Programs\MiKTeX\tex/latex/hyperref\pd1enc.def
File: pd1enc.def 2025-05-20 v7.01m Hyperref: PDFDocEncoding definition (HO)
Now handling font encoding PD1 ...
... no UTF-8 mapping file for font encoding PD1
) (C:\Users\calva\AppData\Local\Programs\MiKTeX\tex/generic/intcalc\intcalc.sty
Package: intcalc 2019/12/15 v1.3 Expandable calculations with integers (HO)
)
\Hy@SavedSpaceFactor=\count300
 (C:\Users\calva\AppData\Local\Programs\MiKTeX\tex/latex/hyperref\puenc.def
File: puenc.def 2025-05-20 v7.01m Hyperref: PDF Unicode definition (HO)
Now handling font encoding PU ...
... no UTF-8 mapping file for font encoding PU
)
Package hyperref Info: Hyper figures OFF on input line 4157.
Package hyperref Info: Link nesting OFF on input line 4162.
Package hyperref Info: Hyper index ON on input line 4165.
Package hyperref Info: Plain pages OFF on input line 4172.
Package hyperref Info: Backreferencing OFF on input line 4177.
Package hyperref Info: Implicit mode ON; LaTeX internals redefined.
Package hyperref Info: Bookmarks ON on input line 4424.
\c@Hy@tempcnt=\count301

(C:\Users\calva\AppData\Local\Programs\MiKTeX\tex/latex/url\url.sty
\Urlmuskip=\muskip17
Package: url 2013/09/16  ver 3.4  Verb mode for urls, etc.
)
LaTeX Info: Redefining \url on input line 4763.
\XeTeXLinkMargin=\dimen178

(C:\Users\calva\AppData\Local\Programs\MiKTeX\tex/generic/bitset\bitset.sty
Package: bitset 2019/12/09 v1.3 Handle bit-vector datatype (HO)

(C:\Users\calva\AppData\Local\Programs\MiKTeX\tex/generic/bigintcalc\bigintcalc
.sty
Package: bigintcalc 2019/12/15 v1.5 Expandable calculations on big integers (HO
)
))
\Fld@menulength=\count302
\Field@Width=\dimen179
\Fld@charsize=\dimen180
Package hyperref Info: Hyper figures OFF on input line 6042.
Package hyperref Info: Link nesting OFF on input line 6047.
Package hyperref Info: Hyper index ON on input line 6050.
Package hyperref Info: backreferencing OFF on input line 6057.
Package hyperref Info: Link coloring OFF on input line 6062.
Package hyperref Info: Link coloring with OCG OFF on input line 6067.
Package hyperref Info: PDF/A mode OFF on input line 6072.

(C:\Users\calva\AppData\Local\Programs\MiKTeX\tex/latex/base\atbegshi-ltx.sty
Package: atbegshi-ltx 2021/01/10 v1.0c Emulation of the original atbegshi
package with kernel methods
)
\Hy@abspage=\count303
\c@Item=\count304
\c@Hfootnote=\count305
)
Package hyperref Info: Driver (autodetected): hpdftex.
(C:\Users\calva\AppData\Local\Programs\MiKTeX\tex/latex/hyperref\hpdftex.def
File: hpdftex.def 2025-05-20 v7.01m Hyperref driver for pdfTeX
\Fld@listcount=\count306
\c@bookmark@seq@number=\count307

(C:\Users\calva\AppData\Local\Programs\MiKTeX\tex/latex/rerunfilecheck\rerunfil
echeck.sty
Package: rerunfilecheck 2022-07-10 v1.10 Rerun checks for auxiliary files (HO)

(C:\Users\calva\AppData\Local\Programs\MiKTeX\tex/latex/base\atveryend-ltx.sty
Package: atveryend-ltx 2020/08/19 v1.0a Emulation of the original atveryend pac
kage
with kernel methods
)
(C:\Users\calva\AppData\Local\Programs\MiKTeX\tex/generic/uniquecounter\uniquec
ounter.sty
Package: uniquecounter 2019/12/15 v1.4 Provide unlimited unique counter (HO)
)
Package uniquecounter Info: New unique counter `rerunfilecheck' on input line 2
85.
)
\Hy@SectionHShift=\skip57
)
Package hyperref Info: Option `colorlinks' set `true' on input line 1471.
Package hyperref Info: Option `breaklinks' set `true' on input line 1471.
Package hyperref Info: Option `plainpages' set `false' on input line 1471.
Package hyperref Info: Option `bookmarksopen' set `true' on input line 1471.
Package hyperref Info: Option `bookmarksnumbered' set `false' on input line 147
1.

(C:\Users\calva\AppData\Local\Programs\MiKTeX\tex/latex/wrapfig\wrapfig.sty
\wrapoverhang=\dimen181
\WF@size=\dimen182
\c@WF@wrappedlines=\count308
\WF@box=\box70
\WF@everypar=\toks23
Package: wrapfig 2003/01/31  v 3.6
)
\wraplines=\count309
\@authorfigbox=\box71
\@authorfigboxdim=\skip58
\biofigadjskip=\skip59

(C:\Users\calva\AppData\Local\Programs\MiKTeX\tex/latex/amscls\amsthm.sty
Package: amsthm 2020/05/29 v2.20.6
\thm@style=\toks24
\thm@bodyfont=\toks25
\thm@headfont=\toks26
\thm@notefont=\toks27
\thm@headpunct=\toks28
\thm@preskip=\skip60
\thm@postskip=\skip61
\thm@headsep=\skip62
\dth@everypar=\toks29
)
(C:\Users\calva\AppData\Local\Programs\MiKTeX\tex/latex/base\fix-cm.sty
Package: fix-cm 2020/11/24 v1.1t fixes to LaTeX

(C:\Users\calva\AppData\Local\Programs\MiKTeX\tex/latex/base\ts1enc.def
File: ts1enc.def 2001/06/05 v3.0e (jk/car/fm) Standard LaTeX file
LaTeX Font Info:    Redeclaring font encoding TS1 on input line 47.
))
(C:\Users\calva\AppData\Local\Programs\MiKTeX\tex/latex/natbib\natbib.sty
Package: natbib 2010/09/13 8.31b (PWD, AO)
\bibhang=\skip63
\bibsep=\skip64
LaTeX Info: Redefining \cite on input line 694.
\c@NAT@ctr=\count310
))
(C:\Users\calva\AppData\Local\Programs\MiKTeX\tex/latex/multirow\multirow.sty
Package: multirow 2024/11/12 v2.9 Span multiple rows of a table
\multirow@colwidth=\skip65
\multirow@cntb=\count311
\multirow@dima=\skip66
\bigstrutjot=\dimen183
)
(C:\Users\calva\AppData\Local\Programs\MiKTeX\tex/latex/amsmath\amsmath.sty
Package: amsmath 2024/11/05 v2.17t AMS math features
\@mathmargin=\skip67

For additional information on amsmath, use the `?' option.
(C:\Users\calva\AppData\Local\Programs\MiKTeX\tex/latex/amsmath\amstext.sty
Package: amstext 2021/08/26 v2.01 AMS text

(C:\Users\calva\AppData\Local\Programs\MiKTeX\tex/latex/amsmath\amsgen.sty
File: amsgen.sty 1999/11/30 v2.0 generic functions
\@emptytoks=\toks30
\ex@=\dimen184
))
(C:\Users\calva\AppData\Local\Programs\MiKTeX\tex/latex/amsmath\amsbsy.sty
Package: amsbsy 1999/11/29 v1.2d Bold Symbols
\pmbraise@=\dimen185
)
(C:\Users\calva\AppData\Local\Programs\MiKTeX\tex/latex/amsmath\amsopn.sty
Package: amsopn 2022/04/08 v2.04 operator names
)
\inf@bad=\count312
LaTeX Info: Redefining \frac on input line 233.
\uproot@=\count313
\leftroot@=\count314
LaTeX Info: Redefining \overline on input line 398.
LaTeX Info: Redefining \colon on input line 409.
\classnum@=\count315
\DOTSCASE@=\count316
LaTeX Info: Redefining \ldots on input line 495.
LaTeX Info: Redefining \dots on input line 498.
LaTeX Info: Redefining \cdots on input line 619.
\Mathstrutbox@=\box72
\strutbox@=\box73
LaTeX Info: Redefining \big on input line 721.
LaTeX Info: Redefining \Big on input line 722.
LaTeX Info: Redefining \bigg on input line 723.
LaTeX Info: Redefining \Bigg on input line 724.
\big@size=\dimen186
LaTeX Font Info:    Redeclaring font encoding OML on input line 742.
LaTeX Font Info:    Redeclaring font encoding OMS on input line 743.
\macc@depth=\count317
LaTeX Info: Redefining \bmod on input line 904.
LaTeX Info: Redefining \pmod on input line 909.
LaTeX Info: Redefining \smash on input line 939.
LaTeX Info: Redefining \relbar on input line 969.
LaTeX Info: Redefining \Relbar on input line 970.
\c@MaxMatrixCols=\count318
\dotsspace@=\muskip18
\c@parentequation=\count319
\dspbrk@lvl=\count320
\tag@help=\toks31
\row@=\count321
\column@=\count322
\maxfields@=\count323
\andhelp@=\toks32
\eqnshift@=\dimen187
\alignsep@=\dimen188
\tagshift@=\dimen189
\tagwidth@=\dimen190
\totwidth@=\dimen191
\lineht@=\dimen192
\@envbody=\toks33
\multlinegap=\skip68
\multlinetaggap=\skip69
\mathdisplay@stack=\toks34
LaTeX Info: Redefining \[ on input line 2953.
LaTeX Info: Redefining \] on input line 2954.
)
(C:\Users\calva\AppData\Local\Programs\MiKTeX\tex/latex/amsfonts\amssymb.sty
Package: amssymb 2013/01/14 v3.01 AMS font symbols

(C:\Users\calva\AppData\Local\Programs\MiKTeX\tex/latex/amsfonts\amsfonts.sty
Package: amsfonts 2013/01/14 v3.01 Basic AMSFonts support
\symAMSa=\mathgroup4
\symAMSb=\mathgroup5
LaTeX Font Info:    Redeclaring math symbol \hbar on input line 98.
LaTeX Font Info:    Overwriting math alphabet `\mathfrak' in version `bold'
(Font)                  U/euf/m/n --> U/euf/b/n on input line 106.
)) (C:\Users\calva\AppData\Local\Programs\MiKTeX\tex/latex/jknappen\mathrsfs.st
y
Package: mathrsfs 1996/01/01 Math RSFS package v1.0 (jk)
\symrsfs=\mathgroup6
) (C:\Users\calva\AppData\Local\Programs\MiKTeX\tex/latex/xcolor\xcolor.sty
Package: xcolor 2024/09/29 v3.02 LaTeX color extensions (UK)

(C:\Users\calva\AppData\Local\Programs\MiKTeX\tex/latex/graphics-cfg\color.cfg
File: color.cfg 2016/01/02 v1.6 sample color configuration
)
Package xcolor Info: Driver file: pdftex.def on input line 274.
(C:\Users\calva\AppData\Local\Programs\MiKTeX\tex/latex/graphics\mathcolor.ltx)
Package xcolor Info: Model `cmy' substituted by `cmy0' on input line 1349.
Package xcolor Info: Model `hsb' substituted by `rgb' on input line 1353.
Package xcolor Info: Model `RGB' extended on input line 1365.
Package xcolor Info: Model `HTML' substituted by `rgb' on input line 1367.
Package xcolor Info: Model `Hsb' substituted by `hsb' on input line 1368.
Package xcolor Info: Model `tHsb' substituted by `hsb' on input line 1369.
Package xcolor Info: Model `HSB' substituted by `hsb' on input line 1370.
Package xcolor Info: Model `Gray' substituted by `gray' on input line 1371.
Package xcolor Info: Model `wave' substituted by `hsb' on input line 1372.
) (C:\Users\calva\AppData\Local\Programs\MiKTeX\tex/latex/base\textcomp.sty
Package: textcomp 2024/04/24 v2.1b Standard LaTeX package
)
(C:\Users\calva\AppData\Local\Programs\MiKTeX\tex/latex/ncctools\manyfoot.sty
Package: manyfoot 2019/08/03 v1.11 Many Footnote Levels Package (NCC)

(C:\Users\calva\AppData\Local\Programs\MiKTeX\tex/latex/ncctools\nccfoots.sty
Package: nccfoots 2005/02/03 v1.2 NCC Footnotes Package (NCC)
)
\MFL@columnwidth=\dimen193
) (C:\Users\calva\AppData\Local\Programs\MiKTeX\tex/latex/booktabs\booktabs.sty
Package: booktabs 2020/01/12 v1.61803398 Publication quality tables
\heavyrulewidth=\dimen194
\lightrulewidth=\dimen195
\cmidrulewidth=\dimen196
\belowrulesep=\dimen197
\belowbottomsep=\dimen198
\aboverulesep=\dimen199
\abovetopsep=\dimen256
\cmidrulesep=\dimen257
\cmidrulekern=\dimen258
\defaultaddspace=\dimen259
\@cmidla=\count324
\@cmidlb=\count325
\@aboverulesep=\dimen260
\@belowrulesep=\dimen261
\@thisruleclass=\count326
\@lastruleclass=\count327
\@thisrulewidth=\dimen262
)
(C:\Users\calva\AppData\Local\Programs\MiKTeX\tex/latex/algorithms\algorithm.st
y
Package: algorithm 2009/08/24 v0.1 Document Style `algorithm' - floating enviro
nment
 (C:\Users\calva\AppData\Local\Programs\MiKTeX\tex/latex/float\float.sty
Package: float 2001/11/08 v1.3d Float enhancements (AL)
\c@float@type=\count328
\float@exts=\toks35
\float@box=\box74
\@float@everytoks=\toks36
\@floatcapt=\box75
)
\@float@every@algorithm=\toks37
\c@algorithm=\count329
)
(C:\Users\calva\AppData\Local\Programs\MiKTeX\tex/latex/algorithmicx\algorithmi
cx.sty
Package: algorithmicx 2005/04/27 v1.2 Algorithmicx

Document Style algorithmicx 1.2 - a greatly improved `algorithmic' style
\c@ALG@line=\count330
\c@ALG@rem=\count331
\c@ALG@nested=\count332
\ALG@tlm=\skip70
\ALG@thistlm=\skip71
\c@ALG@Lnr=\count333
\c@ALG@blocknr=\count334
\c@ALG@storecount=\count335
\c@ALG@tmpcounter=\count336
\ALG@tmplength=\skip72
)
(C:\Users\calva\AppData\Local\Programs\MiKTeX\tex/latex/algorithmicx\algpseudoc
ode.sty
Package: algpseudocode 

Document Style - pseudocode environments for use with the `algorithmicx' style
) (C:\Users\calva\AppData\Local\Programs\MiKTeX\tex/latex/listings\listings.sty
\lst@mode=\count337
\lst@gtempboxa=\box76
\lst@token=\toks38
\lst@length=\count338
\lst@currlwidth=\dimen263
\lst@column=\count339
\lst@pos=\count340
\lst@lostspace=\dimen264
\lst@width=\dimen265
\lst@newlines=\count341
\lst@lineno=\count342
\lst@maxwidth=\dimen266
(C:\Users\calva\AppData\Local\Programs\MiKTeX\tex/latex/listings\lstpatch.sty
File: lstpatch.sty 2024/09/23 1.10c (Carsten Heinz)
)
(C:\Users\calva\AppData\Local\Programs\MiKTeX\tex/latex/listings\lstmisc.sty
File: lstmisc.sty 2024/09/23 1.10c (Carsten Heinz)
\c@lstnumber=\count343
\lst@skipnumbers=\count344
\lst@framebox=\box77
)
(C:\Users\calva\AppData\Local\Programs\MiKTeX\tex/latex/listings\listings.cfg
File: listings.cfg 2024/09/23 1.10c listings configuration
))
Package: listings 2024/09/23 1.10c (Carsten Heinz)
(C:\Users\calva\AppData\Local\Programs\MiKTeX\tex/latex/tools\tabularx.sty
Package: tabularx 2023/12/11 v2.12a `tabularx' package (DPC)

(C:\Users\calva\AppData\Local\Programs\MiKTeX\tex/latex/tools\array.sty
Package: array 2024/10/17 v2.6g Tabular extension package (FMi)
\col@sep=\dimen267
\ar@mcellbox=\box78
\extrarowheight=\dimen268
\NC@list=\toks39
\extratabsurround=\skip73
\backup@length=\skip74
\ar@cellbox=\box79
)
\TX@col@width=\dimen269
\TX@old@table=\dimen270
\TX@old@col=\dimen271
\TX@target=\dimen272
\TX@delta=\dimen273
\TX@cols=\count345
\TX@ftn=\toks40
)
(C:\Users\calva\AppData\Local\Programs\MiKTeX\tex/latex/caption\caption.sty
Package: caption 2023/08/05 v3.6o Customizing captions (AR)

(C:\Users\calva\AppData\Local\Programs\MiKTeX\tex/latex/caption\caption3.sty
Package: caption3 2023/07/31 v2.4d caption3 kernel (AR)
\caption@tempdima=\dimen274
\captionmargin=\dimen275
\caption@leftmargin=\dimen276
\caption@rightmargin=\dimen277
\caption@width=\dimen278
\caption@indent=\dimen279
\caption@parindent=\dimen280
\caption@hangindent=\dimen281
Package caption Info: Unknown document class (or package),
(caption)             standard defaults will be used.
Package caption Info: \@makecaption = \long macro:#1#2->\ifx \FigName \@captype
 \vskip \abovecaptionskip \@figurecaption {#1}{#2} \else \@tablecaption {#1}{#2
} \vskip \belowcaptionskip \fi  on input line 1175.
)

Package caption Warning: Unknown document class (or package),
(caption)                standard defaults will be used.
See the caption package documentation for explanation.

\c@caption@flags=\count346
\c@continuedfloat=\count347
Package caption Info: float package is loaded.
Package caption Info: hyperref package is loaded.
Package caption Info: listings package is loaded.
Package caption Info: rotating package is loaded.
Package caption Info: threeparttable package is loaded.
Package caption Info: wrapfig package is loaded.
) (C:\Users\calva\AppData\Local\Programs\MiKTeX\tex/latex/enumitem\enumitem.sty
Package: enumitem 2025/02/06 v3.11 Customized lists
\labelindent=\skip75
\enit@outerparindent=\dimen282
\enit@toks=\toks41
\enit@inbox=\box80
\enit@count@id=\count348
\enitdp@description=\count349
)
\c@theorem=\count350
\c@example=\count351
\c@remark=\count352
\c@definition=\count353

(C:\Users\calva\AppData\Local\Programs\MiKTeX\tex/latex/l3backend\l3backend-pdf
tex.def
File: l3backend-pdftex.def 2025-04-14 L3 backend support: PDF output (pdfTeX)
\l__color_backend_stack_int=\count354
) (sn-article.aux)
\openout1 = `sn-article.aux'.

LaTeX Font Info:    Checking defaults for OML/cmm/m/it on input line 95.
LaTeX Font Info:    ... okay on input line 95.
LaTeX Font Info:    Checking defaults for OMS/cmsy/m/n on input line 95.
LaTeX Font Info:    ... okay on input line 95.
LaTeX Font Info:    Checking defaults for OT1/cmr/m/n on input line 95.
LaTeX Font Info:    ... okay on input line 95.
LaTeX Font Info:    Checking defaults for T1/cmr/m/n on input line 95.
LaTeX Font Info:    ... okay on input line 95.
LaTeX Font Info:    Checking defaults for TS1/cmr/m/n on input line 95.
LaTeX Font Info:    ... okay on input line 95.
LaTeX Font Info:    Checking defaults for OMX/cmex/m/n on input line 95.
LaTeX Font Info:    ... okay on input line 95.
LaTeX Font Info:    Checking defaults for U/cmr/m/n on input line 95.
LaTeX Font Info:    ... okay on input line 95.
LaTeX Font Info:    Checking defaults for PD1/pdf/m/n on input line 95.
LaTeX Font Info:    ... okay on input line 95.
LaTeX Font Info:    Checking defaults for PU/pdf/m/n on input line 95.
LaTeX Font Info:    ... okay on input line 95.

*geometry* driver: auto-detecting
*geometry* detected driver: pdftex
*geometry* verbose mode - [ preamble ] result:
* driver: pdftex
* paper: custom
* layout: <same size as paper>
* layoutoffset:(h,v)=(0.0pt,0.0pt)
* bindingoffset: 17.07164pt
* modes: twoside 
* h-part:(L,W,R)=(83.37448pt, 372.0pt, 125.06175pt)
* v-part:(T,H,B)=(73.97716pt, 552.69478pt, 218.37491pt)
* \paperwidth=597.50787pt
* \paperheight=845.04684pt
* \textwidth=372.0pt
* \textheight=552.69478pt
* \oddsidemargin=28.17613pt
* \evensidemargin=52.79176pt
* \topmargin=-19.72638pt
* \headheight=5.5pt
* \headsep=15.93355pt
* \topskip=10.0pt
* \footskip=28.45274pt
* \marginparwidth=34.1433pt
* \marginparsep=14.22636pt
* \columnsep=14.22636pt
* \skip\footins=8.0pt plus 4.0pt
* \hoffset=0.0pt
* \voffset=0.0pt
* \mag=1000
* \@twocolumnfalse
* \@twosidetrue
* \@mparswitchtrue
* \@reversemargintrue
* (1in=72.27pt=25.4mm, 1cm=28.453pt)


(C:\Users\calva\AppData\Local\Programs\MiKTeX\tex/context/base/mkii\supp-pdf.mk
ii
[Loading MPS to PDF converter (version 2006.09.02).]
\scratchcounter=\count355
\scratchdimen=\dimen283
\scratchbox=\box81
\nofMPsegments=\count356
\nofMParguments=\count357
\everyMPshowfont=\toks42
\MPscratchCnt=\count358
\MPscratchDim=\dimen284
\MPnumerator=\count359
\makeMPintoPDFobject=\count360
\everyMPtoPDFconversion=\toks43
)
(C:\Users\calva\AppData\Local\Programs\MiKTeX\tex/latex/epstopdf-pkg\epstopdf-b
ase.sty
Package: epstopdf-base 2020-01-24 v2.11 Base part for package epstopdf
Package epstopdf-base Info: Redefining graphics rule for `.eps' on input line 4
85.

(C:\Users\calva\AppData\Local\Programs\MiKTeX\tex/latex/00miktex\epstopdf-sys.c
fg
File: epstopdf-sys.cfg 2021/03/18 v2.0 Configuration of epstopdf for MiKTeX
))
LaTeX Info: Redefining \S on input line 95.
LaTeX Font Info:    Redeclaring symbol font `AMSa' on input line 95.
LaTeX Font Info:    Overwriting symbol font `AMSa' in version `normal'
(Font)                  U/msa/m/n --> U/msa/m/n on input line 95.
LaTeX Font Info:    Overwriting symbol font `AMSa' in version `bold'
(Font)                  U/msa/m/n --> U/msa/m/n on input line 95.
Package hyperref Info: Link coloring ON on input line 95.
 (sn-article.out) (sn-article.out)
\@outlinefile=\write3
\openout3 = `sn-article.out'.

\c@lstlisting=\count361
Package caption Info: Begin \AtBeginDocument code.
Package caption Info: End \AtBeginDocument code.
LaTeX Font Info:    Calculating math sizes for size <12.045> on input line 150.

LaTeX Font Info:    Trying to load font information for U+msa on input line 150
.

(C:\Users\calva\AppData\Local\Programs\MiKTeX\tex/latex/amsfonts\umsa.fd
File: umsa.fd 2013/01/14 v3.01 AMS symbols A
)
LaTeX Font Info:    Trying to load font information for U+msb on input line 150
.

(C:\Users\calva\AppData\Local\Programs\MiKTeX\tex/latex/amsfonts\umsb.fd
File: umsb.fd 2013/01/14 v3.01 AMS symbols B
)
LaTeX Font Info:    Trying to load font information for U+rsfs on input line 15
0.

(C:\Users\calva\AppData\Local\Programs\MiKTeX\tex/latex/jknappen\ursfs.fd
File: ursfs.fd 1998/03/24 rsfs font definition file (jk)
)

LaTeX Font Warning: Font shape `U/rsfs/m/n' in size <8.43146> not available
(Font)              size <8> substituted on input line 150.

LaTeX Font Info:    Calculating math sizes for size <11.04124> on input line 15
0.

LaTeX Font Warning: Font shape `U/rsfs/m/n' in size <5.52061> not available
(Font)              size <6> substituted on input line 150.

LaTeX Font Info:    Calculating math sizes for size <10.03749> on input line 15
0.

Package natbib Warning: Citation `bib1' on page 1 undefined on input line 153.




Underfull \vbox (badness 10000) has occurred while \output is active []

 [1

{C:/Users/calva/AppData/Local/MiKTeX/fonts/map/pdftex/pdftex.map}]

Package natbib Warning: Citation `ref1a' on page 2 undefined on input line 163.





Underfull \vbox (badness 10000) has occurred while \output is active []

 [2]

Package natbib Warning: Citation `ref6' on page 3 undefined on input line 169.


Package natbib Warning: Citation `ref7' on page 3 undefined on input line 169.


Package natbib Warning: Citation `ref8' on page 3 undefined on input line 171.


Package natbib Warning: Citation `ref9' on page 3 undefined on input line 171.


Package natbib Warning: Citation `ref10' on page 3 undefined on input line 171.



Package natbib Warning: Citation `ref11' on page 3 undefined on input line 171.





Underfull \vbox (badness 10000) has occurred while \output is active []

 [3]

Package natbib Warning: Citation `ref11a' on page 4 undefined on input line 173
.


Package natbib Warning: Citation `ref12a' on page 4 undefined on input line 175
.


Package natbib Warning: Citation `ref13' on page 4 undefined on input line 175.



Package natbib Warning: Citation `ref12a' on page 4 undefined on input line 175
.


Package natbib Warning: Citation `ref14' on page 4 undefined on input line 175.



Package natbib Warning: Citation `ref12a' on page 4 undefined on input line 177
.


Package natbib Warning: Citation `ref13' on page 4 undefined on input line 177.



Package natbib Warning: Citation `ref9' on page 4 undefined on input line 177.


Package natbib Warning: Citation `ref12a' on page 4 undefined on input line 181
.




Underfull \vbox (badness 10000) has occurred while \output is active []

 [4]
Overfull \hbox (1.1105pt too wide) in paragraph at lines 208--208
 []|\OT1/cmr/m/n/8.03 90.0| 
 []


Overfull \hbox (1.1105pt too wide) in paragraph at lines 208--208
 []|\OT1/cmr/m/n/8.03 90.0| 
 []


Overfull \hbox (1.1105pt too wide) in paragraph at lines 208--208
 []|\OT1/cmr/m/n/8.03 81.0| 
 []


Overfull \hbox (1.1105pt too wide) in paragraph at lines 208--208
 []|\OT1/cmr/m/n/8.03 73.4| 
 []


Overfull \hbox (1.1105pt too wide) in paragraph at lines 208--208
 []|\OT1/cmr/m/n/8.03 66.8| 
 []


Overfull \hbox (1.1105pt too wide) in paragraph at lines 208--208
 []|\OT1/cmr/m/n/8.03 61.3| 
 []


Overfull \hbox (1.1105pt too wide) in paragraph at lines 208--208
 []|\OT1/cmr/m/n/8.03 56.6| 
 []


Overfull \hbox (1.1105pt too wide) in paragraph at lines 208--208
 []|\OT1/cmr/m/n/8.03 52.6| 
 []


Overfull \hbox (1.1105pt too wide) in paragraph at lines 208--208
 []|\OT1/cmr/m/n/8.03 49.2| 
 []


Overfull \hbox (1.1105pt too wide) in paragraph at lines 208--208
 []|\OT1/cmr/m/n/8.03 46.3| 
 []


Overfull \hbox (1.1105pt too wide) in paragraph at lines 208--208
 []|\OT1/cmr/m/n/8.03 43.9| 
 []


Overfull \hbox (1.1105pt too wide) in paragraph at lines 208--208
 []|\OT1/cmr/m/n/8.03 10.0| 
 []


Overfull \hbox (1.1105pt too wide) in paragraph at lines 208--208
 []|\OT1/cmr/m/n/8.03 10.2| 
 []


Overfull \hbox (1.1105pt too wide) in paragraph at lines 208--208
 []|\OT1/cmr/m/n/8.03 10.4| 
 []


Overfull \hbox (1.1105pt too wide) in paragraph at lines 208--208
 []|\OT1/cmr/m/n/8.03 10.6| 
 []


Overfull \hbox (1.1105pt too wide) in paragraph at lines 208--208
 []|\OT1/cmr/m/n/8.03 10.8| 
 []


Overfull \hbox (1.1105pt too wide) in paragraph at lines 208--208
 []|\OT1/cmr/m/n/8.03 11.0| 
 []


Overfull \hbox (1.1105pt too wide) in paragraph at lines 208--208
 []|\OT1/cmr/m/n/8.03 11.3| 
 []


Overfull \hbox (1.1105pt too wide) in paragraph at lines 208--208
 []|\OT1/cmr/m/n/8.03 11.5| 
 []


Overfull \hbox (1.1105pt too wide) in paragraph at lines 208--208
 []|\OT1/cmr/m/n/8.03 11.7| 
 []


Overfull \hbox (1.1105pt too wide) in paragraph at lines 208--208
 []|\OT1/cmr/m/n/8.03 12.0| 
 []


Overfull \hbox (1.1105pt too wide) in paragraph at lines 208--208
 []|\OT1/cmr/m/n/8.03 12.2| 
 []


Overfull \hbox (1.1105pt too wide) in paragraph at lines 208--208
 []|\OT1/cmr/m/n/8.03 25.0| 
 []


Overfull \hbox (1.1105pt too wide) in paragraph at lines 208--208
 []|\OT1/cmr/m/n/8.03 25.8| 
 []


Overfull \hbox (1.1105pt too wide) in paragraph at lines 208--208
 []|\OT1/cmr/m/n/8.03 26.5| 
 []


Overfull \hbox (1.1105pt too wide) in paragraph at lines 208--208
 []|\OT1/cmr/m/n/8.03 27.3| 
 []


Overfull \hbox (1.1105pt too wide) in paragraph at lines 208--208
 []|\OT1/cmr/m/n/8.03 28.1| 
 []


Overfull \hbox (1.1105pt too wide) in paragraph at lines 208--208
 []|\OT1/cmr/m/n/8.03 29.0| 
 []


Overfull \hbox (1.1105pt too wide) in paragraph at lines 208--208
 []|\OT1/cmr/m/n/8.03 29.9| 
 []


Overfull \hbox (1.1105pt too wide) in paragraph at lines 208--208
 []|\OT1/cmr/m/n/8.03 30.7| 
 []


Overfull \hbox (1.1105pt too wide) in paragraph at lines 208--208
 []|\OT1/cmr/m/n/8.03 31.7| 
 []


Overfull \hbox (1.1105pt too wide) in paragraph at lines 208--208
 []|\OT1/cmr/m/n/8.03 32.6| 
 []


Overfull \hbox (1.1105pt too wide) in paragraph at lines 208--208
 []|\OT1/cmr/m/n/8.03 33.6| 
 []


Overfull \hbox (5.3765pt too wide) in paragraph at lines 208--208
 []|\OT1/cmr/m/n/8.03 231.8| 
 []


Overfull \hbox (5.3765pt too wide) in paragraph at lines 208--208
 []|\OT1/cmr/m/n/8.03 202.9| 
 []


Overfull \hbox (5.3765pt too wide) in paragraph at lines 208--208
 []|\OT1/cmr/m/n/8.03 177.6| 
 []


Overfull \hbox (5.3765pt too wide) in paragraph at lines 208--208
 []|\OT1/cmr/m/n/8.03 155.5| 
 []


Overfull \hbox (5.3765pt too wide) in paragraph at lines 208--208
 []|\OT1/cmr/m/n/8.03 136.2| 
 []


Overfull \hbox (5.3765pt too wide) in paragraph at lines 208--208
 []|\OT1/cmr/m/n/8.03 119.2| 
 []


Overfull \hbox (5.3765pt too wide) in paragraph at lines 208--208
 []|\OT1/cmr/m/n/8.03 104.4| 
 []


Overfull \hbox (1.1105pt too wide) in paragraph at lines 208--208
 []|\OT1/cmr/m/n/8.03 91.4| 
 []


Overfull \hbox (1.1105pt too wide) in paragraph at lines 208--208
 []|\OT1/cmr/m/n/8.03 80.0| 
 []


Overfull \hbox (1.1105pt too wide) in paragraph at lines 208--208
 []|\OT1/cmr/m/n/8.03 70.0| 
 []


Overfull \hbox (7.74649pt too wide) in paragraph at lines 208--208
 []|\OT1/cmr/m/n/8.03 (96.8)| 
 []


Overfull \hbox (7.74649pt too wide) in paragraph at lines 208--208
 []|\OT1/cmr/m/n/8.03 (84.6)| 
 []


Overfull \hbox (7.74649pt too wide) in paragraph at lines 208--208
 []|\OT1/cmr/m/n/8.03 (74.0)| 
 []


Overfull \hbox (7.74649pt too wide) in paragraph at lines 208--208
 []|\OT1/cmr/m/n/8.03 (64.8)| 
 []


Overfull \hbox (7.74649pt too wide) in paragraph at lines 208--208
 []|\OT1/cmr/m/n/8.03 (56.9)| 
 []


Overfull \hbox (7.74649pt too wide) in paragraph at lines 208--208
 []|\OT1/cmr/m/n/8.03 (50.0)| 
 []


Overfull \hbox (7.74649pt too wide) in paragraph at lines 208--208
 []|\OT1/cmr/m/n/8.03 (44.0)| 
 []


Overfull \hbox (7.74649pt too wide) in paragraph at lines 208--208
 []|\OT1/cmr/m/n/8.03 (38.8)| 
 []


Overfull \hbox (7.74649pt too wide) in paragraph at lines 208--208
 []|\OT1/cmr/m/n/8.03 (34.3)| 
 []


Overfull \hbox (7.74649pt too wide) in paragraph at lines 208--208
 []|\OT1/cmr/m/n/8.03 (30.4)| 
 []


Overfull \hbox (5.3765pt too wide) in paragraph at lines 208--208
 []|\OT1/cmr/m/n/8.03 135.0| 
 []


Overfull \hbox (5.3765pt too wide) in paragraph at lines 208--208
 []|\OT1/cmr/m/n/8.03 118.3| 
 []


Overfull \hbox (5.3765pt too wide) in paragraph at lines 208--208
 []|\OT1/cmr/m/n/8.03 103.6| 
 []


Overfull \hbox (1.1105pt too wide) in paragraph at lines 208--208
 []|\OT1/cmr/m/n/8.03 90.7| 
 []


Overfull \hbox (1.1105pt too wide) in paragraph at lines 208--208
 []|\OT1/cmr/m/n/8.03 79.3| 
 []


Overfull \hbox (1.1105pt too wide) in paragraph at lines 208--208
 []|\OT1/cmr/m/n/8.03 69.2| 
 []


Overfull \hbox (1.1105pt too wide) in paragraph at lines 208--208
 []|\OT1/cmr/m/n/8.03 60.4| 
 []


Overfull \hbox (1.1105pt too wide) in paragraph at lines 208--208
 []|\OT1/cmr/m/n/8.03 52.6| 
 []


Overfull \hbox (1.1105pt too wide) in paragraph at lines 208--208
 []|\OT1/cmr/m/n/8.03 45.7| 
 []


Overfull \hbox (1.1105pt too wide) in paragraph at lines 208--208
 []|\OT1/cmr/m/n/8.03 39.6| 
 []


Overfull \hbox (7.74649pt too wide) in paragraph at lines 208--208
 []|\OT1/cmr/m/n/8.03 (33.7)| 
 []


Overfull \hbox (7.74649pt too wide) in paragraph at lines 208--208
 []|\OT1/cmr/m/n/8.03 (29.6)| 
 []


Overfull \hbox (7.74649pt too wide) in paragraph at lines 208--208
 []|\OT1/cmr/m/n/8.03 (25.9)| 
 []


Overfull \hbox (7.74649pt too wide) in paragraph at lines 208--208
 []|\OT1/cmr/m/n/8.03 (22.7)| 
 []


Overfull \hbox (7.74649pt too wide) in paragraph at lines 208--208
 []|\OT1/cmr/m/n/8.03 (19.8)| 
 []


Overfull \hbox (7.74649pt too wide) in paragraph at lines 208--208
 []|\OT1/cmr/m/n/8.03 (17.3)| 
 []


Overfull \hbox (7.74649pt too wide) in paragraph at lines 208--208
 []|\OT1/cmr/m/n/8.03 (15.1)| 
 []


Overfull \hbox (7.74649pt too wide) in paragraph at lines 208--208
 []|\OT1/cmr/m/n/8.03 (13.1)| 
 []


Overfull \hbox (7.74649pt too wide) in paragraph at lines 208--208
 []|\OT1/cmr/m/n/8.03 (11.4)| 
 []


Overfull \hbox (3.4805pt too wide) in paragraph at lines 208--208
 []|\OT1/cmr/m/n/8.03 (9.9)| 
 []


Overfull \hbox (8.34862pt too wide) in paragraph at lines 208--208
 []|\OT1/cmr/bx/n/8.03 101.2| 
 []


Overfull \hbox (3.4302pt too wide) in paragraph at lines 208--208
 []|\OT1/cmr/bx/n/8.03 88.7| 
 []


Overfull \hbox (3.4302pt too wide) in paragraph at lines 208--208
 []|\OT1/cmr/bx/n/8.03 77.7| 
 []


Overfull \hbox (3.4302pt too wide) in paragraph at lines 208--208
 []|\OT1/cmr/bx/n/8.03 68.0| 
 []


Overfull \hbox (3.4302pt too wide) in paragraph at lines 208--208
 []|\OT1/cmr/bx/n/8.03 59.5| 
 []


Overfull \hbox (3.4302pt too wide) in paragraph at lines 208--208
 []|\OT1/cmr/bx/n/8.03 51.9| 
 []


Overfull \hbox (3.4302pt too wide) in paragraph at lines 208--208
 []|\OT1/cmr/bx/n/8.03 45.3| 
 []


Overfull \hbox (3.4302pt too wide) in paragraph at lines 208--208
 []|\OT1/cmr/bx/n/8.03 39.4| 
 []


Overfull \hbox (3.4302pt too wide) in paragraph at lines 208--208
 []|\OT1/cmr/bx/n/8.03 34.3| 
 []


Overfull \hbox (3.4302pt too wide) in paragraph at lines 208--208
 []|\OT1/cmr/bx/n/8.03 29.7| 
 []


Overfull \hbox (8.34862pt too wide) in paragraph at lines 208--208
 []|\OT1/cmr/bx/n/8.03 404.0| 
 []


Overfull \hbox (5.3765pt too wide) in paragraph at lines 208--208
 []|\OT1/cmr/m/n/8.03 444.5| 
 []


Overfull \hbox (5.3765pt too wide) in paragraph at lines 208--208
 []|\OT1/cmr/m/n/8.03 377.6| 
 []


Overfull \hbox (5.3765pt too wide) in paragraph at lines 208--208
 []|\OT1/cmr/m/n/8.03 317.7| 
 []


Overfull \hbox (5.3765pt too wide) in paragraph at lines 208--208
 []|\OT1/cmr/m/n/8.03 264.0| 
 []


Overfull \hbox (5.3765pt too wide) in paragraph at lines 208--208
 []|\OT1/cmr/m/n/8.03 215.6| 
 []


Overfull \hbox (5.3765pt too wide) in paragraph at lines 208--208
 []|\OT1/cmr/m/n/8.03 171.7| 
 []


Overfull \hbox (5.3765pt too wide) in paragraph at lines 208--208
 []|\OT1/cmr/m/n/8.03 131.8| 
 []


Overfull \hbox (1.1105pt too wide) in paragraph at lines 208--208
 []|\OT1/cmr/m/n/8.03 95.1| 
 []


Overfull \hbox (1.1105pt too wide) in paragraph at lines 208--208
 []|\OT1/cmr/m/n/8.03 61.3| 
 []


Overfull \hbox (1.1105pt too wide) in paragraph at lines 208--208
 []|\OT1/cmr/m/n/8.03 29.7| 
 []


Overfull \hbox (5.3765pt too wide) in paragraph at lines 208--208
 []|\OT1/cmr/m/n/8.03 0.228| 
 []


Overfull \hbox (5.3765pt too wide) in paragraph at lines 208--208
 []|\OT1/cmr/m/n/8.03 0.235| 
 []


Overfull \hbox (5.3765pt too wide) in paragraph at lines 208--208
 []|\OT1/cmr/m/n/8.03 0.245| 
 []


Overfull \hbox (5.3765pt too wide) in paragraph at lines 208--208
 []|\OT1/cmr/m/n/8.03 0.258| 
 []


Overfull \hbox (5.3765pt too wide) in paragraph at lines 208--208
 []|\OT1/cmr/m/n/8.03 0.276| 
 []


Overfull \hbox (5.3765pt too wide) in paragraph at lines 208--208
 []|\OT1/cmr/m/n/8.03 0.302| 
 []


Overfull \hbox (5.3765pt too wide) in paragraph at lines 208--208
 []|\OT1/cmr/m/n/8.03 0.344| 
 []


Overfull \hbox (5.3765pt too wide) in paragraph at lines 208--208
 []|\OT1/cmr/m/n/8.03 0.414| 
 []


Overfull \hbox (5.3765pt too wide) in paragraph at lines 208--208
 []|\OT1/cmr/m/n/8.03 0.559| 
 []


Overfull \hbox (5.3765pt too wide) in paragraph at lines 208--208
 []|\OT1/cmr/m/n/8.03 1.000| 
 []


Package natbib Warning: Citation `ref12a' on page 5 undefined on input line 209
.


Overfull \hbox (12.1122pt too wide) in paragraph at lines 184--210
 [] 
 []


Package natbib Warning: Citation `ref12a' on page 5 undefined on input line 214
.


Package natbib Warning: Citation `ref13' on page 5 undefined on input line 216.



Overfull \hbox (1.1105pt too wide) in paragraph at lines 241--241
 []|\OT1/cmr/m/n/8.03 10.0| 
 []


Overfull \hbox (1.1105pt too wide) in paragraph at lines 241--241
 []|\OT1/cmr/m/n/8.03 10.2| 
 []


Overfull \hbox (1.1105pt too wide) in paragraph at lines 241--241
 []|\OT1/cmr/m/n/8.03 10.4| 
 []


Overfull \hbox (1.1105pt too wide) in paragraph at lines 241--241
 []|\OT1/cmr/m/n/8.03 10.6| 
 []


Overfull \hbox (1.1105pt too wide) in paragraph at lines 241--241
 []|\OT1/cmr/m/n/8.03 10.8| 
 []


Overfull \hbox (1.1105pt too wide) in paragraph at lines 241--241
 []|\OT1/cmr/m/n/8.03 11.0| 
 []


Overfull \hbox (1.1105pt too wide) in paragraph at lines 241--241
 []|\OT1/cmr/m/n/8.03 11.3| 
 []


Overfull \hbox (1.1105pt too wide) in paragraph at lines 241--241
 []|\OT1/cmr/m/n/8.03 11.5| 
 []


Overfull \hbox (1.1105pt too wide) in paragraph at lines 241--241
 []|\OT1/cmr/m/n/8.03 11.7| 
 []


Overfull \hbox (1.1105pt too wide) in paragraph at lines 241--241
 []|\OT1/cmr/m/n/8.03 12.0| 
 []


Overfull \hbox (1.1105pt too wide) in paragraph at lines 241--241
 []|\OT1/cmr/m/n/8.03 12.2| 
 []


Overfull \hbox (1.1105pt too wide) in paragraph at lines 241--241
 []|\OT1/cmr/m/n/8.03 25.0| 
 []


Overfull \hbox (1.1105pt too wide) in paragraph at lines 241--241
 []|\OT1/cmr/m/n/8.03 25.0| 
 []


Overfull \hbox (1.1105pt too wide) in paragraph at lines 241--241
 []|\OT1/cmr/m/n/8.03 25.0| 
 []


Overfull \hbox (1.1105pt too wide) in paragraph at lines 241--241
 []|\OT1/cmr/m/n/8.03 25.0| 
 []


Overfull \hbox (1.1105pt too wide) in paragraph at lines 241--241
 []|\OT1/cmr/m/n/8.03 25.0| 
 []


Overfull \hbox (1.1105pt too wide) in paragraph at lines 241--241
 []|\OT1/cmr/m/n/8.03 25.0| 
 []


Overfull \hbox (1.1105pt too wide) in paragraph at lines 241--241
 []|\OT1/cmr/m/n/8.03 25.0| 
 []


Overfull \hbox (1.1105pt too wide) in paragraph at lines 241--241
 []|\OT1/cmr/m/n/8.03 25.0| 
 []


Overfull \hbox (1.1105pt too wide) in paragraph at lines 241--241
 []|\OT1/cmr/m/n/8.03 25.0| 
 []


Overfull \hbox (1.1105pt too wide) in paragraph at lines 241--241
 []|\OT1/cmr/m/n/8.03 25.0| 
 []


Overfull \hbox (1.1105pt too wide) in paragraph at lines 241--241
 []|\OT1/cmr/m/n/8.03 25.0| 
 []


Overfull \hbox (5.3765pt too wide) in paragraph at lines 241--241
 []|\OT1/cmr/m/n/8.03 225.0| 
 []


Overfull \hbox (5.3765pt too wide) in paragraph at lines 241--241
 []|\OT1/cmr/m/n/8.03 191.3| 
 []


Overfull \hbox (5.3765pt too wide) in paragraph at lines 241--241
 []|\OT1/cmr/m/n/8.03 162.6| 
 []


Overfull \hbox (5.3765pt too wide) in paragraph at lines 241--241
 []|\OT1/cmr/m/n/8.03 138.2| 
 []


Overfull \hbox (5.3765pt too wide) in paragraph at lines 241--241
 []|\OT1/cmr/m/n/8.03 117.5| 
 []


Overfull \hbox (1.1105pt too wide) in paragraph at lines 241--241
 []|\OT1/cmr/m/n/8.03 99.8| 
 []


Overfull \hbox (1.1105pt too wide) in paragraph at lines 241--241
 []|\OT1/cmr/m/n/8.03 84.9| 
 []


Overfull \hbox (1.1105pt too wide) in paragraph at lines 241--241
 []|\OT1/cmr/m/n/8.03 72.1| 
 []


Overfull \hbox (1.1105pt too wide) in paragraph at lines 241--241
 []|\OT1/cmr/m/n/8.03 61.3| 
 []


Overfull \hbox (1.1105pt too wide) in paragraph at lines 241--241
 []|\OT1/cmr/m/n/8.03 52.1| 
 []


Overfull \hbox (7.74649pt too wide) in paragraph at lines 241--241
 []|\OT1/cmr/m/n/8.03 (96.8)| 
 []


Overfull \hbox (7.74649pt too wide) in paragraph at lines 241--241
 []|\OT1/cmr/m/n/8.03 (84.6)| 
 []


Overfull \hbox (7.74649pt too wide) in paragraph at lines 241--241
 []|\OT1/cmr/m/n/8.03 (74.0)| 
 []


Overfull \hbox (7.74649pt too wide) in paragraph at lines 241--241
 []|\OT1/cmr/m/n/8.03 (64.8)| 
 []


Overfull \hbox (7.74649pt too wide) in paragraph at lines 241--241
 []|\OT1/cmr/m/n/8.03 (56.9)| 
 []


Overfull \hbox (7.74649pt too wide) in paragraph at lines 241--241
 []|\OT1/cmr/m/n/8.03 (50.0)| 
 []


Overfull \hbox (7.74649pt too wide) in paragraph at lines 241--241
 []|\OT1/cmr/m/n/8.03 (44.0)| 
 []


Overfull \hbox (7.74649pt too wide) in paragraph at lines 241--241
 []|\OT1/cmr/m/n/8.03 (38.8)| 
 []


Overfull \hbox (7.74649pt too wide) in paragraph at lines 241--241
 []|\OT1/cmr/m/n/8.03 (34.3)| 
 []


Overfull \hbox (7.74649pt too wide) in paragraph at lines 241--241
 []|\OT1/cmr/m/n/8.03 (30.4)| 
 []


Overfull \hbox (5.3765pt too wide) in paragraph at lines 241--241
 []|\OT1/cmr/m/n/8.03 128.2| 
 []


Overfull \hbox (5.3765pt too wide) in paragraph at lines 241--241
 []|\OT1/cmr/m/n/8.03 106.7| 
 []


Overfull \hbox (1.1105pt too wide) in paragraph at lines 241--241
 []|\OT1/cmr/m/n/8.03 88.6| 
 []


Overfull \hbox (1.1105pt too wide) in paragraph at lines 241--241
 []|\OT1/cmr/m/n/8.03 73.4| 
 []


Overfull \hbox (1.1105pt too wide) in paragraph at lines 241--241
 []|\OT1/cmr/m/n/8.03 60.6| 
 []


Overfull \hbox (1.1105pt too wide) in paragraph at lines 241--241
 []|\OT1/cmr/m/n/8.03 49.9| 
 []


Overfull \hbox (1.1105pt too wide) in paragraph at lines 241--241
 []|\OT1/cmr/m/n/8.03 40.9| 
 []


Overfull \hbox (1.1105pt too wide) in paragraph at lines 241--241
 []|\OT1/cmr/m/n/8.03 33.3| 
 []


Overfull \hbox (1.1105pt too wide) in paragraph at lines 241--241
 []|\OT1/cmr/m/n/8.03 27.0| 
 []


Overfull \hbox (1.1105pt too wide) in paragraph at lines 241--241
 []|\OT1/cmr/m/n/8.03 21.7| 
 []


Overfull \hbox (7.74649pt too wide) in paragraph at lines 241--241
 []|\OT1/cmr/m/n/8.03 (32.1)| 
 []


Overfull \hbox (7.74649pt too wide) in paragraph at lines 241--241
 []|\OT1/cmr/m/n/8.03 (26.7)| 
 []


Overfull \hbox (7.74649pt too wide) in paragraph at lines 241--241
 []|\OT1/cmr/m/n/8.03 (22.1)| 
 []


Overfull \hbox (7.74649pt too wide) in paragraph at lines 241--241
 []|\OT1/cmr/m/n/8.03 (18.3)| 
 []


Overfull \hbox (7.74649pt too wide) in paragraph at lines 241--241
 []|\OT1/cmr/m/n/8.03 (15.1)| 
 []


Overfull \hbox (7.74649pt too wide) in paragraph at lines 241--241
 []|\OT1/cmr/m/n/8.03 (12.5)| 
 []


Overfull \hbox (7.74649pt too wide) in paragraph at lines 241--241
 []|\OT1/cmr/m/n/8.03 (10.2)| 
 []


Overfull \hbox (3.4805pt too wide) in paragraph at lines 241--241
 []|\OT1/cmr/m/n/8.03 (8.3)| 
 []


Overfull \hbox (3.4805pt too wide) in paragraph at lines 241--241
 []|\OT1/cmr/m/n/8.03 (6.8)| 
 []


Overfull \hbox (3.4805pt too wide) in paragraph at lines 241--241
 []|\OT1/cmr/m/n/8.03 (5.4)| 
 []


Overfull \hbox (3.4302pt too wide) in paragraph at lines 241--241
 []|\OT1/cmr/bx/n/8.03 96.2| 
 []


Overfull \hbox (3.4302pt too wide) in paragraph at lines 241--241
 []|\OT1/cmr/bx/n/8.03 80.0| 
 []


Overfull \hbox (3.4302pt too wide) in paragraph at lines 241--241
 []|\OT1/cmr/bx/n/8.03 66.4| 
 []


Overfull \hbox (3.4302pt too wide) in paragraph at lines 241--241
 []|\OT1/cmr/bx/n/8.03 55.0| 
 []


Overfull \hbox (3.4302pt too wide) in paragraph at lines 241--241
 []|\OT1/cmr/bx/n/8.03 45.4| 
 []


Overfull \hbox (3.4302pt too wide) in paragraph at lines 241--241
 []|\OT1/cmr/bx/n/8.03 37.4| 
 []


Overfull \hbox (3.4302pt too wide) in paragraph at lines 241--241
 []|\OT1/cmr/bx/n/8.03 30.7| 
 []


Overfull \hbox (3.4302pt too wide) in paragraph at lines 241--241
 []|\OT1/cmr/bx/n/8.03 25.0| 
 []


Overfull \hbox (3.4302pt too wide) in paragraph at lines 241--241
 []|\OT1/cmr/bx/n/8.03 20.3| 
 []


Overfull \hbox (3.4302pt too wide) in paragraph at lines 241--241
 []|\OT1/cmr/bx/n/8.03 16.3| 
 []


Overfull \hbox (8.34862pt too wide) in paragraph at lines 241--241
 []|\OT1/cmr/bx/n/8.03 392.0| 
 []


Overfull \hbox (5.3765pt too wide) in paragraph at lines 241--241
 []|\OT1/cmr/m/n/8.03 411.6| 
 []


Overfull \hbox (5.3765pt too wide) in paragraph at lines 241--241
 []|\OT1/cmr/m/n/8.03 331.2| 
 []


Overfull \hbox (5.3765pt too wide) in paragraph at lines 241--241
 []|\OT1/cmr/m/n/8.03 263.8| 
 []


Overfull \hbox (5.3765pt too wide) in paragraph at lines 241--241
 []|\OT1/cmr/m/n/8.03 207.3| 
 []


Overfull \hbox (5.3765pt too wide) in paragraph at lines 241--241
 []|\OT1/cmr/m/n/8.03 159.9| 
 []


Overfull \hbox (5.3765pt too wide) in paragraph at lines 241--241
 []|\OT1/cmr/m/n/8.03 120.6| 
 []


Overfull \hbox (1.1105pt too wide) in paragraph at lines 241--241
 []|\OT1/cmr/m/n/8.03 86.9| 
 []


Overfull \hbox (1.1105pt too wide) in paragraph at lines 241--241
 []|\OT1/cmr/m/n/8.03 59.0| 
 []


Overfull \hbox (1.1105pt too wide) in paragraph at lines 241--241
 []|\OT1/cmr/m/n/8.03 35.8| 
 []


Overfull \hbox (1.1105pt too wide) in paragraph at lines 241--241
 []|\OT1/cmr/m/n/8.03 16.3| 
 []


Overfull \hbox (5.3765pt too wide) in paragraph at lines 241--241
 []|\OT1/cmr/m/n/8.03 0.233| 
 []


Overfull \hbox (5.3765pt too wide) in paragraph at lines 241--241
 []|\OT1/cmr/m/n/8.03 0.241| 
 []


Overfull \hbox (5.3765pt too wide) in paragraph at lines 241--241
 []|\OT1/cmr/m/n/8.03 0.251| 
 []


Overfull \hbox (5.3765pt too wide) in paragraph at lines 241--241
 []|\OT1/cmr/m/n/8.03 0.265| 
 []


Overfull \hbox (5.3765pt too wide) in paragraph at lines 241--241
 []|\OT1/cmr/m/n/8.03 0.284| 
 []


Overfull \hbox (5.3765pt too wide) in paragraph at lines 241--241
 []|\OT1/cmr/m/n/8.03 0.311| 
 []


Overfull \hbox (5.3765pt too wide) in paragraph at lines 241--241
 []|\OT1/cmr/m/n/8.03 0.352| 
 []


Overfull \hbox (5.3765pt too wide) in paragraph at lines 241--241
 []|\OT1/cmr/m/n/8.03 0.423| 
 []


Overfull \hbox (5.3765pt too wide) in paragraph at lines 241--241
 []|\OT1/cmr/m/n/8.03 0.566| 
 []


Overfull \hbox (5.3765pt too wide) in paragraph at lines 241--241
 []|\OT1/cmr/m/n/8.03 1.000| 
 []


Package natbib Warning: Citation `ref13' on page 5 undefined on input line 242.



Overfull \hbox (12.1122pt too wide) in paragraph at lines 218--243
 [] 
 []


LaTeX Warning: `h' float specifier changed to `ht'.


Package natbib Warning: Citation `ref13' on page 5 undefined on input line 245.



Package natbib Warning: Citation `ref12a' on page 5 undefined on input line 245
.




Underfull \vbox (badness 10000) has occurred while \output is active []

 [5]

Package natbib Warning: Citation `ref12a' on page 6 undefined on input line 247
.


Package natbib Warning: Citation `ref13' on page 6 undefined on input line 249.



Package natbib Warning: Citation `ref13' on page 6 undefined on input line 249.



Package natbib Warning: Citation `ref14' on page 6 undefined on input line 249.



Package natbib Warning: Citation `ref13' on page 6 undefined on input line 251.





Underfull \vbox (badness 10000) has occurred while \output is active []

 [6]

Package natbib Warning: Citation `ref15' on page 7 undefined on input line 253.



Package natbib Warning: Citation `ref13' on page 7 undefined on input line 253.



Package natbib Warning: Citation `ref16' on page 7 undefined on input line 255.



Package natbib Warning: Citation `ref17' on page 7 undefined on input line 255.



Package natbib Warning: Citation `ref18' on page 7 undefined on input line 259.



Package natbib Warning: Citation `ref19' on page 7 undefined on input line 260.



Package natbib Warning: Citation `ref20' on page 7 undefined on input line 260.



Package natbib Warning: Citation `ref21' on page 7 undefined on input line 260.



Package natbib Warning: Citation `ref17' on page 7 undefined on input line 261.


Package epstopdf Info: Source file: <figures/egg_model_log_3D.eps>
(epstopdf)                    date: 2025-07-01 23:11:14
(epstopdf)                    size: 2600979 bytes
(epstopdf)             Output file: <figures/egg_model_log_3D-eps-converted-to.
pdf>
(epstopdf)             Command: <miktex-epstopdf --outfile=figures/egg_model_lo
g_3D-eps-converted-to.pdf figures/egg_model_log_3D.eps>
(epstopdf)             \includegraphics on input line 267.
runsystem(miktex-epstopdf --outfile=figures/egg_model_log_3D-eps-converted-to.p
df figures/egg_model_log_3D.eps)...executed safely (allowed).

Package epstopdf Info: Result file: <figures/egg_model_log_3D-eps-converted-to.
pdf>
(epstopdf)                    date: 2025-08-07 12:03:14
(epstopdf)                    size: 189225 bytes.
<figures/egg_model_log_3D-eps-converted-to.pdf, id=125, 525.965pt x 503.8825pt>

File: figures/egg_model_log_3D-eps-converted-to.pdf Graphic file (type pdf)
<use figures/egg_model_log_3D-eps-converted-to.pdf>
Package pdftex.def Info: figures/egg_model_log_3D-eps-converted-to.pdf  used on
 input line 267.
(pdftex.def)             Requested size: 353.39886pt x 338.57597pt.



Underfull \vbox (badness 10000) has occurred while \output is active []

 [7]

Package natbib Warning: Citation `ref12a' on page 8 undefined on input line 273
.




Underfull \vbox (badness 10000) has occurred while \output is active []

 [8 <./figures/egg_model_log_3D-eps-converted-to.pdf>]

Package natbib Warning: Citation `ref17' on page 9 undefined on input line 280.



Package natbib Warning: Citation `ref12a' on page 9 undefined on input line 280
.

Package epstopdf Info: Source file: <figures/valuation.eps>
(epstopdf)                    date: 2025-07-02 11:30:00
(epstopdf)                    size: 2365227 bytes
(epstopdf)             Output file: <figures/valuation-eps-converted-to.pdf>
(epstopdf)             Command: <miktex-epstopdf --outfile=figures/valuation-ep
s-converted-to.pdf figures/valuation.eps>
(epstopdf)             \includegraphics on input line 285.
runsystem(miktex-epstopdf --outfile=figures/valuation-eps-converted-to.pdf figu
res/valuation.eps)...executed safely (allowed).

Package epstopdf Info: Result file: <figures/valuation-eps-converted-to.pdf>
(epstopdf)                    date: 2025-08-07 12:03:15
(epstopdf)                    size: 28627 bytes.
<figures/valuation-eps-converted-to.pdf, id=173, 934.49126pt x 419.5675pt>
File: figures/valuation-eps-converted-to.pdf Graphic file (type pdf)
<use figures/valuation-eps-converted-to.pdf>
Package pdftex.def Info: figures/valuation-eps-converted-to.pdf  used on input 
line 285.
(pdftex.def)             Requested size: 353.39886pt x 158.66905pt.

Package natbib Warning: Citation `ref22' on page 9 undefined on input line 286.



Package natbib Warning: Citation `ref23' on page 9 undefined on input line 293.



Package natbib Warning: Citation `ref18' on page 9 undefined on input line 293.


Package epstopdf Info: Source file: <figures/egg_model_log_3D_well.eps>
(epstopdf)                    date: 2025-07-01 23:05:11
(epstopdf)                    size: 2553992 bytes
(epstopdf)             Output file: <figures/egg_model_log_3D_well-eps-converte
d-to.pdf>
(epstopdf)             Command: <miktex-epstopdf --outfile=figures/egg_model_lo
g_3D_well-eps-converted-to.pdf figures/egg_model_log_3D_well.eps>
(epstopdf)             \includegraphics on input line 298.
runsystem(miktex-epstopdf --outfile=figures/egg_model_log_3D_well-eps-converted
-to.pdf figures/egg_model_log_3D_well.eps)...executed safely (allowed).

Package epstopdf Info: Result file: <figures/egg_model_log_3D_well-eps-converte
d-to.pdf>
(epstopdf)                    date: 2025-08-07 12:03:17
(epstopdf)                    size: 197503 bytes.
<figures/egg_model_log_3D_well-eps-converted-to.pdf, id=176, 475.7775pt x 497.8
6pt>
File: figures/egg_model_log_3D_well-eps-converted-to.pdf Graphic file (type pdf
)
<use figures/egg_model_log_3D_well-eps-converted-to.pdf>
Package pdftex.def Info: figures/egg_model_log_3D_well-eps-converted-to.pdf  us
ed on input line 298.
(pdftex.def)             Requested size: 353.39886pt x 369.81602pt.



Underfull \vbox (badness 10000) has occurred while \output is active []

 [9 <./figures/valuation-eps-converted-to.pdf>]

Package natbib Warning: Citation `ref18' on page 10 undefined on input line 338
.




Underfull \vbox (badness 10000) has occurred while \output is active []

 [10 <./figures/egg_model_log_3D_well-eps-converted-to.pdf>]
Package epstopdf Info: Source file: <figures/production_plot.eps>
(epstopdf)                    date: 2025-07-01 22:00:44
(epstopdf)                    size: 89177 bytes
(epstopdf)             Output file: <figures/production_plot-eps-converted-to.p
df>
(epstopdf)             Command: <miktex-epstopdf --outfile=figures/production_p
lot-eps-converted-to.pdf figures/production_plot.eps>
(epstopdf)             \includegraphics on input line 346.
runsystem(miktex-epstopdf --outfile=figures/production_plot-eps-converted-to.pd
f figures/production_plot.eps)...executed safely (allowed).

Package epstopdf Info: Result file: <figures/production_plot-eps-converted-to.p
df>
(epstopdf)                    date: 2025-08-07 12:03:18
(epstopdf)                    size: 24867 bytes.
<figures/production_plot-eps-converted-to.pdf, id=248, 715.67375pt x 497.86pt>
File: figures/production_plot-eps-converted-to.pdf Graphic file (type pdf)
<use figures/production_plot-eps-converted-to.pdf>
Package pdftex.def Info: figures/production_plot-eps-converted-to.pdf  used on 
input line 346.
(pdftex.def)             Requested size: 353.39886pt x 245.84511pt.



Underfull \vbox (badness 10000) has occurred while \output is active []

 [11]

LaTeX Warning: Reference `fig5' on page 12 undefined on input line 352.

Package epstopdf Info: Source file: <figures/egg_model_log_2D_grid.eps>
(epstopdf)                    date: 2025-07-02 10:55:28
(epstopdf)                    size: 24641217 bytes
(epstopdf)             Output file: <figures/egg_model_log_2D_grid-eps-converte
d-to.pdf>
(epstopdf)             Command: <miktex-epstopdf --outfile=figures/egg_model_lo
g_2D_grid-eps-converted-to.pdf figures/egg_model_log_2D_grid.eps>
(epstopdf)             \includegraphics on input line 357.
runsystem(miktex-epstopdf --outfile=figures/egg_model_log_2D_grid-eps-converted
-to.pdf figures/egg_model_log_2D_grid.eps)...executed safely (allowed).

Package epstopdf Info: Result file: <figures/egg_model_log_2D_grid-eps-converte
d-to.pdf>
(epstopdf)                    date: 2025-08-07 12:03:25
(epstopdf)                    size: 370576 bytes.
<figures/egg_model_log_2D_grid-eps-converted-to.pdf, id=259, 580.1675pt x 632.3
625pt>
File: figures/egg_model_log_2D_grid-eps-converted-to.pdf Graphic file (type pdf
)
<use figures/egg_model_log_2D_grid-eps-converted-to.pdf>
Package pdftex.def Info: figures/egg_model_log_2D_grid-eps-converted-to.pdf  us
ed on input line 357.
(pdftex.def)             Requested size: 353.39886pt x 385.19057pt.



Underfull \vbox (badness 10000) has occurred while \output is active []

 [12 <./figures/production_plot-eps-converted-to.pdf>]

Package natbib Warning: Citation `ref24' on page 13 undefined on input line 365
.

Package epstopdf Info: Source file: <figures/schematic_MCS.eps>
(epstopdf)                    date: 2025-07-02 11:30:00
(epstopdf)                    size: 3094117 bytes
(epstopdf)             Output file: <figures/schematic_MCS-eps-converted-to.pdf
>
(epstopdf)             Command: <miktex-epstopdf --outfile=figures/schematic_MC
S-eps-converted-to.pdf figures/schematic_MCS.eps>
(epstopdf)             \includegraphics on input line 370.
runsystem(miktex-epstopdf --outfile=figures/schematic_MCS-eps-converted-to.pdf 
figures/schematic_MCS.eps)...executed safely (allowed).

Package epstopdf Info: Result file: <figures/schematic_MCS-eps-converted-to.pdf
>
(epstopdf)                    date: 2025-08-07 12:03:27
(epstopdf)                    size: 62686 bytes.
<figures/schematic_MCS-eps-converted-to.pdf, id=305, 806.01125pt x 636.3775pt>
File: figures/schematic_MCS-eps-converted-to.pdf Graphic file (type pdf)
<use figures/schematic_MCS-eps-converted-to.pdf>
Package pdftex.def Info: figures/schematic_MCS-eps-converted-to.pdf  used on in
put line 370.
(pdftex.def)             Requested size: 279.0pt x 220.27875pt.

Package natbib Warning: Citation `ref24' on page 13 undefined on input line 371
.




Underfull \vbox (badness 10000) has occurred while \output is active []

 [13 <./figures/egg_model_log_2D_grid-eps-converted-to.pdf>]
Package epstopdf Info: Source file: <figures/pdf_cdf.eps>
(epstopdf)                    date: 2025-07-02 11:30:00
(epstopdf)                    size: 4909080 bytes
(epstopdf)             Output file: <figures/pdf_cdf-eps-converted-to.pdf>
(epstopdf)             Command: <miktex-epstopdf --outfile=figures/pdf_cdf-eps-
converted-to.pdf figures/pdf_cdf.eps>
(epstopdf)             \includegraphics on input line 381.
runsystem(miktex-epstopdf --outfile=figures/pdf_cdf-eps-converted-to.pdf figure
s/pdf_cdf.eps)...executed safely (allowed).

Package epstopdf Info: Result file: <figures/pdf_cdf-eps-converted-to.pdf>
(epstopdf)                    date: 2025-08-07 12:03:29
(epstopdf)                    size: 195659 bytes.
<figures/pdf_cdf-eps-converted-to.pdf, id=373, 1106.1325pt x 735.74875pt>
File: figures/pdf_cdf-eps-converted-to.pdf Graphic file (type pdf)
<use figures/pdf_cdf-eps-converted-to.pdf>
Package pdftex.def Info: figures/pdf_cdf-eps-converted-to.pdf  used on input li
ne 381.
(pdftex.def)             Requested size: 279.0pt x 185.57582pt.


Package natbib Warning: Citation `ref24' on page 14 undefined on input line 382
.




Underfull \vbox (badness 10000) has occurred while \output is active []

 [14 <./figures/schematic_MCS-eps-converted-to.pdf>]

Package natbib Warning: Citation `ref24' on page 15 undefined on input line 387
.


Package natbib Warning: Citation `ref25' on page 15 undefined on input line 391
.




Underfull \vbox (badness 10000) has occurred while \output is active []

 [15 <./figures/pdf_cdf-eps-converted-to.pdf>]

LaTeX Warning: Reference `eq1' on page 16 undefined on input line 413.


LaTeX Warning: Reference `fig10' on page 16 undefined on input line 419.


Package natbib Warning: Citation `ref12a' on page 16 undefined on input line 41
9.

Package epstopdf Info: Source file: <figures/VOC_profile.eps>
(epstopdf)                    date: 2025-08-06 21:11:10
(epstopdf)                    size: 45270 bytes
(epstopdf)             Output file: <figures/VOC_profile-eps-converted-to.pdf>
(epstopdf)             Command: <miktex-epstopdf --outfile=figures/VOC_profile-
eps-converted-to.pdf figures/VOC_profile.eps>
(epstopdf)             \includegraphics on input line 424.
runsystem(miktex-epstopdf --outfile=figures/VOC_profile-eps-converted-to.pdf fi
gures/VOC_profile.eps)...executed safely (allowed).

Package epstopdf Info: Result file: <figures/VOC_profile-eps-converted-to.pdf>
(epstopdf)                    date: 2025-08-07 12:03:30
(epstopdf)                    size: 19701 bytes.
<figures/VOC_profile-eps-converted-to.pdf, id=396, 496.85625pt x 268.00125pt>
File: figures/VOC_profile-eps-converted-to.pdf Graphic file (type pdf)
<use figures/VOC_profile-eps-converted-to.pdf>
Package pdftex.def Info: figures/VOC_profile-eps-converted-to.pdf  used on inpu
t line 424.
(pdftex.def)             Requested size: 353.39886pt x 190.62163pt.

Package natbib Warning: Citation `ref17' on page 16 undefined on input line 433
.




Underfull \vbox (badness 10000) has occurred while \output is active []

 [16 <./figures/VOC_profile-eps-converted-to.pdf>]

LaTeX Warning: Reference `eq:short_term' on page 17 undefined on input line 468
.


LaTeX Warning: Reference `eq:long_term' on page 17 undefined on input line 468.



Package natbib Warning: Citation `ref16' on page 17 undefined on input line 468
.


Package natbib Warning: Citation `ref21' on page 17 undefined on input line 468
.


Underfull \hbox (badness 4673) in paragraph at lines 468--469
[]\OT1/cmr/m/n/10 For numer-i-cal imple-men-ta-tion, the continuous-time stocha
s-tic dif-fer-en-tial
 []




Underfull \vbox (badness 10000) has occurred while \output is active []

 [17]

Package natbib Warning: Citation `ref26' on page 18 undefined on input line 481
.


LaTeX Warning: Reference `fig11' on page 18 undefined on input line 483.


LaTeX Warning: Reference `tab4' on page 18 undefined on input line 483.

Package epstopdf Info: Source file: <figures/Price_Calibration.eps>
(epstopdf)                    date: 2025-08-06 19:31:03
(epstopdf)                    size: 77330 bytes
(epstopdf)             Output file: <figures/Price_Calibration-eps-converted-to
.pdf>
(epstopdf)             Command: <miktex-epstopdf --outfile=figures/Price_Calibr
ation-eps-converted-to.pdf figures/Price_Calibration.eps>
(epstopdf)             \includegraphics on input line 488.
runsystem(miktex-epstopdf --outfile=figures/Price_Calibration-eps-converted-to.
pdf figures/Price_Calibration.eps)...executed safely (allowed).

Package epstopdf Info: Result file: <figures/Price_Calibration-eps-converted-to
.pdf>
(epstopdf)                    date: 2025-08-07 12:03:31
(epstopdf)                    size: 40719 bytes.
<figures/Price_Calibration-eps-converted-to.pdf, id=459, 975.645pt x 546.04pt>
File: figures/Price_Calibration-eps-converted-to.pdf Graphic file (type pdf)
<use figures/Price_Calibration-eps-converted-to.pdf>
Package pdftex.def Info: figures/Price_Calibration-eps-converted-to.pdf  used o
n input line 488.
(pdftex.def)             Requested size: 353.39886pt x 197.78236pt.

LaTeX Warning: `h' float specifier changed to `ht'.


Package natbib Warning: Citation `ref17' on page 18 undefined on input line 510
.




Underfull \vbox (badness 10000) has occurred while \output is active []

 [18 <./figures/Price_Calibration-eps-converted-to.pdf>]
Overfull \hbox (19.5745pt too wide) detected at line 518
[][][]\OMS/cmsy/m/n/10.03749 A\OT1/cmr/m/n/10 (\OML/cmm/m/it/10.03749 T\OT1/cmr
/m/n/10 ) = [] \OML/cmm/m/it/10.03749 T \OMS/cmsy/m/n/10.03749 ^^@ [] [] \OT1/c
mr/m/n/10 + [] []
 []


LaTeX Warning: Reference `tab4' on page 19 undefined on input line 520.


LaTeX Warning: Reference `fig12' on page 19 undefined on input line 520.


Package natbib Warning: Citation `ref21' on page 19 undefined on input line 520
.

Package epstopdf Info: Source file: <figures/Price_profile.eps>
(epstopdf)                    date: 2025-08-06 19:30:54
(epstopdf)                    size: 43091 bytes
(epstopdf)             Output file: <figures/Price_profile-eps-converted-to.pdf
>
(epstopdf)             Command: <miktex-epstopdf --outfile=figures/Price_profil
e-eps-converted-to.pdf figures/Price_profile.eps>
(epstopdf)             \includegraphics on input line 526.
runsystem(miktex-epstopdf --outfile=figures/Price_profile-eps-converted-to.pdf 
figures/Price_profile.eps)...executed safely (allowed).

Package epstopdf Info: Result file: <figures/Price_profile-eps-converted-to.pdf
>
(epstopdf)                    date: 2025-08-07 12:03:32
(epstopdf)                    size: 18277 bytes.
<figures/Price_profile-eps-converted-to.pdf, id=503, 502.87875pt x 268.00125pt>

File: figures/Price_profile-eps-converted-to.pdf Graphic file (type pdf)
<use figures/Price_profile-eps-converted-to.pdf>
Package pdftex.def Info: figures/Price_profile-eps-converted-to.pdf  used on in
put line 526.
(pdftex.def)             Requested size: 353.39886pt x 188.33566pt.



Underfull \vbox (badness 10000) has occurred while \output is active []

 [19]

Package natbib Warning: Citation `ref14' on page 20 undefined on input line 534
.


Package natbib Warning: Citation `ref16' on page 20 undefined on input line 534
.


Package natbib Warning: Citation `ref15' on page 20 undefined on input line 534
.


Package natbib Warning: Citation `ref14' on page 20 undefined on input line 536
.




Underfull \vbox (badness 10000) has occurred while \output is active []

 [20 <./figures/Price_profile-eps-converted-to.pdf>]

Package natbib Warning: Citation `ref14' on page 21 undefined on input line 538
.


Package natbib Warning: Citation `ref15' on page 21 undefined on input line 538
.


Package natbib Warning: Citation `ref14' on page 21 undefined on input line 560
.


Package natbib Warning: Citation `ref15' on page 21 undefined on input line 560
.


Package natbib Warning: Citation `ref14' on page 21 undefined on input line 562
.




Underfull \vbox (badness 10000) has occurred while \output is active []

 [21]

Package natbib Warning: Citation `ref14' on page 22 undefined on input line 566
.


Package natbib Warning: Citation `ref13' on page 22 undefined on input line 569
.


Package natbib Warning: Citation `ref12a' on page 22 undefined on input line 56
9.


Package natbib Warning: Citation `ref12b' on page 22 undefined on input line 56
9.


Package natbib Warning: Citation `ref15' on page 22 undefined on input line 569
.


Package natbib Warning: Citation `ref12a' on page 22 undefined on input line 57
5.


LaTeX Warning: Reference `fig13' on page 22 undefined on input line 575.

Package epstopdf Info: Source file: <figures/prod_profile.eps>
(epstopdf)                    date: 2025-08-06 21:11:01
(epstopdf)                    size: 24075 bytes
(epstopdf)             Output file: <figures/prod_profile-eps-converted-to.pdf>

(epstopdf)             Command: <miktex-epstopdf --outfile=figures/prod_profile
-eps-converted-to.pdf figures/prod_profile.eps>
(epstopdf)             \includegraphics on input line 580.
runsystem(miktex-epstopdf --outfile=figures/prod_profile-eps-converted-to.pdf f
igures/prod_profile.eps)...executed safely (allowed).

Package epstopdf Info: Result file: <figures/prod_profile-eps-converted-to.pdf>

(epstopdf)                    date: 2025-08-07 12:03:33
(epstopdf)                    size: 14681 bytes.
<figures/prod_profile-eps-converted-to.pdf, id=572, 602.25pt x 268.00125pt>
File: figures/prod_profile-eps-converted-to.pdf Graphic file (type pdf)
<use figures/prod_profile-eps-converted-to.pdf>
Package pdftex.def Info: figures/prod_profile-eps-converted-to.pdf  used on inp
ut line 580.
(pdftex.def)             Requested size: 353.39886pt x 157.26877pt.



Underfull \vbox (badness 10000) has occurred while \output is active []

 [22]

Package natbib Warning: Citation `ref13' on page 23 undefined on input line 586
.


LaTeX Warning: Reference `fig14' on page 23 undefined on input line 586.

Package epstopdf Info: Source file: <figures/Oil_profile.eps>
(epstopdf)                    date: 2025-08-06 21:11:10
(epstopdf)                    size: 43069 bytes
(epstopdf)             Output file: <figures/Oil_profile-eps-converted-to.pdf>
(epstopdf)             Command: <miktex-epstopdf --outfile=figures/Oil_profile-
eps-converted-to.pdf figures/Oil_profile.eps>
(epstopdf)             \includegraphics on input line 591.
runsystem(miktex-epstopdf --outfile=figures/Oil_profile-eps-converted-to.pdf fi
gures/Oil_profile.eps)...executed safely (allowed).

Package epstopdf Info: Result file: <figures/Oil_profile-eps-converted-to.pdf>
(epstopdf)                    date: 2025-08-07 12:03:33
(epstopdf)                    size: 18090 bytes.
<figures/Oil_profile-eps-converted-to.pdf, id=579, 496.85625pt x 268.00125pt>
File: figures/Oil_profile-eps-converted-to.pdf Graphic file (type pdf)
<use figures/Oil_profile-eps-converted-to.pdf>
Package pdftex.def Info: figures/Oil_profile-eps-converted-to.pdf  used on inpu
t line 591.
(pdftex.def)             Requested size: 353.39886pt x 190.62163pt.



Underfull \vbox (badness 10000) has occurred while \output is active []

 [23 <./figures/prod_profile-eps-converted-to.pdf> <./figures/Oil_profile-eps-c
onverted-to.pdf>]

Package natbib Warning: Citation `ref13' on page 24 undefined on input line 599
.


Package natbib Warning: Citation `ref15' on page 24 undefined on input line 599
.


LaTeX Warning: Reference `fig15' on page 24 undefined on input line 612.

Package epstopdf Info: Source file: <figures/density_NPV_1.eps>
(epstopdf)                    date: 2025-08-06 21:16:38
(epstopdf)                    size: 62509 bytes
(epstopdf)             Output file: <figures/density_NPV_1-eps-converted-to.pdf
>
(epstopdf)             Command: <miktex-epstopdf --outfile=figures/density_NPV_
1-eps-converted-to.pdf figures/density_NPV_1.eps>
(epstopdf)             \includegraphics on input line 617.
runsystem(miktex-epstopdf --outfile=figures/density_NPV_1-eps-converted-to.pdf 
figures/density_NPV_1.eps)...executed safely (allowed).

Package epstopdf Info: Result file: <figures/density_NPV_1-eps-converted-to.pdf
>
(epstopdf)                    date: 2025-08-07 12:03:35
(epstopdf)                    size: 18535 bytes.
<figures/density_NPV_1-eps-converted-to.pdf, id=652, 746.79pt x 293.095pt>
File: figures/density_NPV_1-eps-converted-to.pdf Graphic file (type pdf)
<use figures/density_NPV_1-eps-converted-to.pdf>
Package pdftex.def Info: figures/density_NPV_1-eps-converted-to.pdf  used on in
put line 617.
(pdftex.def)             Requested size: 353.39886pt x 138.6983pt.

Package natbib Warning: Citation `ref9' on page 24 undefined on input line 623.





Underfull \vbox (badness 10000) has occurred while \output is active []

 [24 <./figures/density_NPV_1-eps-converted-to.pdf>]

Package natbib Warning: Citation `ref12a' on page 25 undefined on input line 62
5.


Package natbib Warning: Citation `ref12b' on page 25 undefined on input line 62
5.


LaTeX Warning: Reference `fig16' on page 25 undefined on input line 625.

Package epstopdf Info: Source file: <figures/density_NPV_2.eps>
(epstopdf)                    date: 2025-08-06 21:20:17
(epstopdf)                    size: 62502 bytes
(epstopdf)             Output file: <figures/density_NPV_2-eps-converted-to.pdf
>
(epstopdf)             Command: <miktex-epstopdf --outfile=figures/density_NPV_
2-eps-converted-to.pdf figures/density_NPV_2.eps>
(epstopdf)             \includegraphics on input line 630.
runsystem(miktex-epstopdf --outfile=figures/density_NPV_2-eps-converted-to.pdf 
figures/density_NPV_2.eps)...executed safely (allowed).

Package epstopdf Info: Result file: <figures/density_NPV_2-eps-converted-to.pdf
>
(epstopdf)                    date: 2025-08-07 12:03:36
(epstopdf)                    size: 18456 bytes.
<figures/density_NPV_2-eps-converted-to.pdf, id=702, 746.79pt x 293.095pt>
File: figures/density_NPV_2-eps-converted-to.pdf Graphic file (type pdf)
<use figures/density_NPV_2-eps-converted-to.pdf>
Package pdftex.def Info: figures/density_NPV_2-eps-converted-to.pdf  used on in
put line 630.
(pdftex.def)             Requested size: 353.39886pt x 138.6983pt.

Package natbib Warning: Citation `ref9' on page 25 undefined on input line 636.



Package natbib Warning: Citation `ref24' on page 25 undefined on input line 638
.




Underfull \vbox (badness 10000) has occurred while \output is active []

 [25 <./figures/density_NPV_2-eps-converted-to.pdf>]

LaTeX Warning: Reference `fig17' on page 26 undefined on input line 647.


Package natbib Warning: Citation `ref27' on page 26 undefined on input line 647
.


LaTeX Warning: Reference `fig17' on page 26 undefined on input line 649.

Package epstopdf Info: Source file: <figures/options_prob.eps>
(epstopdf)                    date: 2025-08-06 21:27:45
(epstopdf)                    size: 32817 bytes
(epstopdf)             Output file: <figures/options_prob-eps-converted-to.pdf>

(epstopdf)             Command: <miktex-epstopdf --outfile=figures/options_prob
-eps-converted-to.pdf figures/options_prob.eps>
(epstopdf)             \includegraphics on input line 654.
runsystem(miktex-epstopdf --outfile=figures/options_prob-eps-converted-to.pdf f
igures/options_prob.eps)...executed safely (allowed).

Package epstopdf Info: Result file: <figures/options_prob-eps-converted-to.pdf>

(epstopdf)                    date: 2025-08-07 12:03:37
(epstopdf)                    size: 14676 bytes.
<figures/options_prob-eps-converted-to.pdf, id=756, 611.28375pt x 268.00125pt>
File: figures/options_prob-eps-converted-to.pdf Graphic file (type pdf)
<use figures/options_prob-eps-converted-to.pdf>
Package pdftex.def Info: figures/options_prob-eps-converted-to.pdf  used on inp
ut line 654.
(pdftex.def)             Requested size: 353.39886pt x 154.93782pt.

LaTeX Warning: Reference `fig18' on page 26 undefined on input line 660.


LaTeX Warning: Reference `fig17' on page 26 undefined on input line 660.

Package epstopdf Info: Source file: <figures/decision_maps.eps>
(epstopdf)                    date: 2025-08-06 21:28:44
(epstopdf)                    size: 76569425 bytes
(epstopdf)             Output file: <figures/decision_maps-eps-converted-to.pdf
>
(epstopdf)             Command: <miktex-epstopdf --outfile=figures/decision_map
s-eps-converted-to.pdf figures/decision_maps.eps>
(epstopdf)             \includegraphics on input line 665.
runsystem(miktex-epstopdf --outfile=figures/decision_maps-eps-converted-to.pdf 
figures/decision_maps.eps)...executed safely (allowed).

Package epstopdf Info: Result file: <figures/decision_maps-eps-converted-to.pdf
>
(epstopdf)                    date: 2025-08-07 12:04:09
(epstopdf)                    size: 1235840 bytes.
<figures/decision_maps-eps-converted-to.pdf, id=757, 1077.02374pt x 310.15875pt
>
File: figures/decision_maps-eps-converted-to.pdf Graphic file (type pdf)
<use figures/decision_maps-eps-converted-to.pdf>
Package pdftex.def Info: figures/decision_maps-eps-converted-to.pdf  used on in
put line 665.
(pdftex.def)             Requested size: 353.39886pt x 101.77058pt.



Underfull \vbox (badness 10000) has occurred while \output is active []

 [26 <./figures/options_prob-eps-converted-to.pdf>]

LaTeX Warning: Reference `fig19' on page 27 undefined on input line 671.


LaTeX Warning: Reference `fig15' on page 27 undefined on input line 671.

Package epstopdf Info: Source file: <figures/graph_options.eps>
(epstopdf)                    date: 2025-08-06 21:27:50
(epstopdf)                    size: 33166 bytes
(epstopdf)             Output file: <figures/graph_options-eps-converted-to.pdf
>
(epstopdf)             Command: <miktex-epstopdf --outfile=figures/graph_option
s-eps-converted-to.pdf figures/graph_options.eps>
(epstopdf)             \includegraphics on input line 676.
runsystem(miktex-epstopdf --outfile=figures/graph_options-eps-converted-to.pdf 
figures/graph_options.eps)...executed safely (allowed).

Package epstopdf Info: Result file: <figures/graph_options-eps-converted-to.pdf
>
(epstopdf)                    date: 2025-08-07 12:04:10
(epstopdf)                    size: 19519 bytes.
<figures/graph_options-eps-converted-to.pdf, id=797, 446.66875pt x 323.2075pt>
File: figures/graph_options-eps-converted-to.pdf Graphic file (type pdf)
<use figures/graph_options-eps-converted-to.pdf>
Package pdftex.def Info: figures/graph_options-eps-converted-to.pdf  used on in
put line 676.
(pdftex.def)             Requested size: 279.0pt x 201.88582pt.

LaTeX Warning: Reference `fig19' on page 27 undefined on input line 682.


LaTeX Warning: Reference `fig16' on page 27 undefined on input line 682.


LaTeX Warning: Reference `fig19' on page 27 undefined on input line 682.




Underfull \vbox (badness 10000) has occurred while \output is active []

 [27 <./figures/decision_maps-eps-converted-to.pdf> <./figures/graph_options-ep
s-converted-to.pdf>]

LaTeX Warning: Reference `fig13' on page 28 undefined on input line 686.


LaTeX Warning: Reference `fig20' on page 28 undefined on input line 688.

Package epstopdf Info: Source file: <figures/production_all_PRODs.eps>
(epstopdf)                    date: 2025-08-06 21:34:10
(epstopdf)                    size: 1276634 bytes
(epstopdf)             Output file: <figures/production_all_PRODs-eps-converted
-to.pdf>
(epstopdf)             Command: <miktex-epstopdf --outfile=figures/production_a
ll_PRODs-eps-converted-to.pdf figures/production_all_PRODs.eps>
(epstopdf)             \includegraphics on input line 693.
runsystem(miktex-epstopdf --outfile=figures/production_all_PRODs-eps-converted-
to.pdf figures/production_all_PRODs.eps)...executed safely (allowed).

Package epstopdf Info: Result file: <figures/production_all_PRODs-eps-converted
-to.pdf>
(epstopdf)                    date: 2025-08-07 12:04:11
(epstopdf)                    size: 260387 bytes.
<figures/production_all_PRODs-eps-converted-to.pdf, id=888, 715.67375pt x 497.8
6pt>
File: figures/production_all_PRODs-eps-converted-to.pdf Graphic file (type pdf)

<use figures/production_all_PRODs-eps-converted-to.pdf>
Package pdftex.def Info: figures/production_all_PRODs-eps-converted-to.pdf  use
d on input line 693.
(pdftex.def)             Requested size: 353.39886pt x 245.84511pt.
Package epstopdf Info: Source file: <figures/production_field_pdf_cdf.eps>
(epstopdf)                    date: 2025-08-06 21:41:16
(epstopdf)                    size: 93117 bytes
(epstopdf)             Output file: <figures/production_field_pdf_cdf-eps-conve
rted-to.pdf>
(epstopdf)             Command: <miktex-epstopdf --outfile=figures/production_f
ield_pdf_cdf-eps-converted-to.pdf figures/production_field_pdf_cdf.eps>
(epstopdf)             \includegraphics on input line 702.
runsystem(miktex-epstopdf --outfile=figures/production_field_pdf_cdf-eps-conver
ted-to.pdf figures/production_field_pdf_cdf.eps)...executed safely (allowed).

Package epstopdf Info: Result file: <figures/production_field_pdf_cdf-eps-conve
rted-to.pdf>
(epstopdf)                    date: 2025-08-07 12:04:12
(epstopdf)                    size: 26672 bytes.
<figures/production_field_pdf_cdf-eps-converted-to.pdf, id=889, 722.7pt x 578.1
6pt>
File: figures/production_field_pdf_cdf-eps-converted-to.pdf Graphic file (type 
pdf)
<use figures/production_field_pdf_cdf-eps-converted-to.pdf>
Package pdftex.def Info: figures/production_field_pdf_cdf-eps-converted-to.pdf 
 used on input line 702.
(pdftex.def)             Requested size: 353.39886pt x 282.71863pt.



Underfull \vbox (badness 10000) has occurred while \output is active []

 [28 <./figures/production_all_PRODs-eps-converted-to.pdf>]

Package hyperref Warning: Difference (4) between bookmark levels is greater 
(hyperref)                than one, level fixed on input line 713.

(sn-article.bbl
Underfull \hbox (badness 1087) in paragraph at lines 10--14
[]\OT1/cmr/m/n/10 Abbott TMC, et al (2019) Dark Energy Sur-vey Year 1 Results: 
Con-straints
 []




Underfull \vbox (badness 10000) has occurred while \output is active []

 [29 <./figures/production_field_pdf_cdf-eps-converted-to.pdf>])

Package natbib Warning: There were undefined citations.




Underfull \vbox (badness 10000) has occurred while \output is active []

 [30]
(sn-article.aux)
 ***********
LaTeX2e <2024-11-01> patch level 2
L3 programming layer <2025-04-29>
 ***********


LaTeX Font Warning: Size substitutions with differences
(Font)              up to 0.985pt have occurred.


LaTeX Warning: There were undefined references.


LaTeX Warning: Label(s) may have changed. Rerun to get cross-references right.


Package rerunfilecheck Warning: File `sn-article.out' has changed.
(rerunfilecheck)                Rerun to get outlines right
(rerunfilecheck)                or use package `bookmark'.

Package rerunfilecheck Info: Checksums for `sn-article.out':
(rerunfilecheck)             Before: 0A09DE395ED817FECEAEE0D9C17101DB;1905
(rerunfilecheck)             After:  D6533F4D9B08651EDD59803F22059299;2048.
 ) 
Here is how much of TeX's memory you used:
 16584 strings out of 469923
 266545 string characters out of 5469171
 693571 words of memory out of 5000000
 43032 multiletter control sequences out of 15000+600000
 653646 words of font info for 145 fonts, out of 8000000 for 9000
 1151 hyphenation exceptions out of 8191
 90i,13n,93p,2458b,626s stack positions out of 10000i,1000n,20000p,200000b,200000s

pdfTeX warning (dest): name{section*.14} has been referenced but does not exist
, replaced by a fixed one

 <C:\Users\calva\AppData\Local\MiKTeX\fonts/pk/ljfour/jknappen/ec/dpi602\tcrm10
00.pk><C:/Users/calva/AppData/Local/Programs/MiKTeX/fonts/type1/public/amsfonts
/cm/cmbx10.pfb><C:/Users/calva/AppData/Local/Programs/MiKTeX/fonts/type1/public
/amsfonts/cm/cmbx12.pfb><C:/Users/calva/AppData/Local/Programs/MiKTeX/fonts/typ
e1/public/amsfonts/cm/cmbx8.pfb><C:/Users/calva/AppData/Local/Programs/MiKTeX/f
onts/type1/public/amsfonts/cm/cmbx9.pfb><C:/Users/calva/AppData/Local/Programs/
MiKTeX/fonts/type1/public/amsfonts/cm/cmex10.pfb><C:/Users/calva/AppData/Local/
Programs/MiKTeX/fonts/type1/public/amsfonts/cm/cmmi10.pfb><C:/Users/calva/AppDa
ta/Local/Programs/MiKTeX/fonts/type1/public/amsfonts/cm/cmmi5.pfb><C:/Users/cal
va/AppData/Local/Programs/MiKTeX/fonts/type1/public/amsfonts/cm/cmmi7.pfb><C:/U
sers/calva/AppData/Local/Programs/MiKTeX/fonts/type1/public/amsfonts/cm/cmmi8.p
fb><C:/Users/calva/AppData/Local/Programs/MiKTeX/fonts/type1/public/amsfonts/cm
/cmmi9.pfb><C:/Users/calva/AppData/Local/Programs/MiKTeX/fonts/type1/public/ams
fonts/cm/cmr10.pfb><C:/Users/calva/AppData/Local/Programs/MiKTeX/fonts/type1/pu
blic/amsfonts/cm/cmr12.pfb><C:/Users/calva/AppData/Local/Programs/MiKTeX/fonts/
type1/public/amsfonts/cm/cmr17.pfb><C:/Users/calva/AppData/Local/Programs/MiKTe
X/fonts/type1/public/amsfonts/cm/cmr5.pfb><C:/Users/calva/AppData/Local/Program
s/MiKTeX/fonts/type1/public/amsfonts/cm/cmr7.pfb><C:/Users/calva/AppData/Local/
Programs/MiKTeX/fonts/type1/public/amsfonts/cm/cmr8.pfb><C:/Users/calva/AppData
/Local/Programs/MiKTeX/fonts/type1/public/amsfonts/cm/cmr9.pfb><C:/Users/calva/
AppData/Local/Programs/MiKTeX/fonts/type1/public/amsfonts/cm/cmsy10.pfb><C:/Use
rs/calva/AppData/Local/Programs/MiKTeX/fonts/type1/public/amsfonts/cm/cmsy5.pfb
><C:/Users/calva/AppData/Local/Programs/MiKTeX/fonts/type1/public/amsfonts/cm/c
msy7.pfb><C:/Users/calva/AppData/Local/Programs/MiKTeX/fonts/type1/public/amsfo
nts/cm/cmsy8.pfb><C:/Users/calva/AppData/Local/Programs/MiKTeX/fonts/type1/publ
ic/amsfonts/cm/cmsy9.pfb><C:/Users/calva/AppData/Local/Programs/MiKTeX/fonts/ty
pe1/public/amsfonts/cm/cmti10.pfb><C:/Users/calva/AppData/Local/Programs/MiKTeX
/fonts/type1/public/amsfonts/cm/cmti9.pfb><C:/Users/calva/AppData/Local/Program
s/MiKTeX/fonts/type1/public/amsfonts/symbols/msbm10.pfb>
Output written on sn-article.pdf (30 pages, 3169915 bytes).
PDF statistics:
 1146 PDF objects out of 1200 (max. 8388607)
 120 named destinations out of 1000 (max. 500000)
 208 words of extra memory for PDF output out of 10000 (max. 10000000)

